Archive member included to satisfy reference by file (symbol)

c:/st/stm32cubeide_1.3.0/stm32cubeide/plugins/com.st.stm32cube.ide.mcu.externaltools.gnu-tools-for-stm32.7-2018-q2-update.win32_1.0.0.201904181610/tools/bin/../lib/gcc/arm-none-eabi/7.3.1/../../../../arm-none-eabi/lib/thumb/v6-m\libc_nano.a(lib_a-errno.o)
                              Core/Src/syscalls.o (__errno)
c:/st/stm32cubeide_1.3.0/stm32cubeide/plugins/com.st.stm32cube.ide.mcu.externaltools.gnu-tools-for-stm32.7-2018-q2-update.win32_1.0.0.201904181610/tools/bin/../lib/gcc/arm-none-eabi/7.3.1/../../../../arm-none-eabi/lib/thumb/v6-m\libc_nano.a(lib_a-exit.o)
                              c:/st/stm32cubeide_1.3.0/stm32cubeide/plugins/com.st.stm32cube.ide.mcu.externaltools.gnu-tools-for-stm32.7-2018-q2-update.win32_1.0.0.201904181610/tools/bin/../lib/gcc/arm-none-eabi/7.3.1/../../../../arm-none-eabi/lib/thumb/v6-m/crt0.o (exit)
c:/st/stm32cubeide_1.3.0/stm32cubeide/plugins/com.st.stm32cube.ide.mcu.externaltools.gnu-tools-for-stm32.7-2018-q2-update.win32_1.0.0.201904181610/tools/bin/../lib/gcc/arm-none-eabi/7.3.1/../../../../arm-none-eabi/lib/thumb/v6-m\libc_nano.a(lib_a-impure.o)
                              c:/st/stm32cubeide_1.3.0/stm32cubeide/plugins/com.st.stm32cube.ide.mcu.externaltools.gnu-tools-for-stm32.7-2018-q2-update.win32_1.0.0.201904181610/tools/bin/../lib/gcc/arm-none-eabi/7.3.1/../../../../arm-none-eabi/lib/thumb/v6-m\libc_nano.a(lib_a-exit.o) (_global_impure_ptr)
c:/st/stm32cubeide_1.3.0/stm32cubeide/plugins/com.st.stm32cube.ide.mcu.externaltools.gnu-tools-for-stm32.7-2018-q2-update.win32_1.0.0.201904181610/tools/bin/../lib/gcc/arm-none-eabi/7.3.1/../../../../arm-none-eabi/lib/thumb/v6-m\libc_nano.a(lib_a-init.o)
                              c:/st/stm32cubeide_1.3.0/stm32cubeide/plugins/com.st.stm32cube.ide.mcu.externaltools.gnu-tools-for-stm32.7-2018-q2-update.win32_1.0.0.201904181610/tools/bin/../lib/gcc/arm-none-eabi/7.3.1/../../../../arm-none-eabi/lib/thumb/v6-m/crt0.o (__libc_init_array)
c:/st/stm32cubeide_1.3.0/stm32cubeide/plugins/com.st.stm32cube.ide.mcu.externaltools.gnu-tools-for-stm32.7-2018-q2-update.win32_1.0.0.201904181610/tools/bin/../lib/gcc/arm-none-eabi/7.3.1/../../../../arm-none-eabi/lib/thumb/v6-m\libc_nano.a(lib_a-memcpy-stub.o)
                              Core/Src/sbus.o (memcpy)
c:/st/stm32cubeide_1.3.0/stm32cubeide/plugins/com.st.stm32cube.ide.mcu.externaltools.gnu-tools-for-stm32.7-2018-q2-update.win32_1.0.0.201904181610/tools/bin/../lib/gcc/arm-none-eabi/7.3.1/../../../../arm-none-eabi/lib/thumb/v6-m\libc_nano.a(lib_a-memset.o)
                              c:/st/stm32cubeide_1.3.0/stm32cubeide/plugins/com.st.stm32cube.ide.mcu.externaltools.gnu-tools-for-stm32.7-2018-q2-update.win32_1.0.0.201904181610/tools/bin/../lib/gcc/arm-none-eabi/7.3.1/../../../../arm-none-eabi/lib/thumb/v6-m/crt0.o (memset)
c:/st/stm32cubeide_1.3.0/stm32cubeide/plugins/com.st.stm32cube.ide.mcu.externaltools.gnu-tools-for-stm32.7-2018-q2-update.win32_1.0.0.201904181610/tools/bin/../lib/gcc/arm-none-eabi/7.3.1/../../../../arm-none-eabi/lib/thumb/v6-m\libc_nano.a(lib_a-sprintf.o)
                              Core/Src/main.o (sprintf)
c:/st/stm32cubeide_1.3.0/stm32cubeide/plugins/com.st.stm32cube.ide.mcu.externaltools.gnu-tools-for-stm32.7-2018-q2-update.win32_1.0.0.201904181610/tools/bin/../lib/gcc/arm-none-eabi/7.3.1/../../../../arm-none-eabi/lib/thumb/v6-m\libc_nano.a(lib_a-strlen.o)
                              Core/Src/main.o (strlen)
c:/st/stm32cubeide_1.3.0/stm32cubeide/plugins/com.st.stm32cube.ide.mcu.externaltools.gnu-tools-for-stm32.7-2018-q2-update.win32_1.0.0.201904181610/tools/bin/../lib/gcc/arm-none-eabi/7.3.1/../../../../arm-none-eabi/lib/thumb/v6-m\libc_nano.a(lib_a-vsnprintf.o)
                              Core/Src/main.o (vsnprintf)
c:/st/stm32cubeide_1.3.0/stm32cubeide/plugins/com.st.stm32cube.ide.mcu.externaltools.gnu-tools-for-stm32.7-2018-q2-update.win32_1.0.0.201904181610/tools/bin/../lib/gcc/arm-none-eabi/7.3.1/../../../../arm-none-eabi/lib/thumb/v6-m\libc_nano.a(lib_a-nano-svfprintf.o)
                              c:/st/stm32cubeide_1.3.0/stm32cubeide/plugins/com.st.stm32cube.ide.mcu.externaltools.gnu-tools-for-stm32.7-2018-q2-update.win32_1.0.0.201904181610/tools/bin/../lib/gcc/arm-none-eabi/7.3.1/../../../../arm-none-eabi/lib/thumb/v6-m\libc_nano.a(lib_a-sprintf.o) (_svfprintf_r)
c:/st/stm32cubeide_1.3.0/stm32cubeide/plugins/com.st.stm32cube.ide.mcu.externaltools.gnu-tools-for-stm32.7-2018-q2-update.win32_1.0.0.201904181610/tools/bin/../lib/gcc/arm-none-eabi/7.3.1/../../../../arm-none-eabi/lib/thumb/v6-m\libc_nano.a(lib_a-nano-vfprintf_i.o)
                              c:/st/stm32cubeide_1.3.0/stm32cubeide/plugins/com.st.stm32cube.ide.mcu.externaltools.gnu-tools-for-stm32.7-2018-q2-update.win32_1.0.0.201904181610/tools/bin/../lib/gcc/arm-none-eabi/7.3.1/../../../../arm-none-eabi/lib/thumb/v6-m\libc_nano.a(lib_a-nano-svfprintf.o) (_printf_i)
[...]
Memory Configuration

Name             Origin             Length             Attributes
RAM              0x0000000020000000 0x0000000000001800 xrw
FLASH            0x0000000008000000 0x0000000000008000 xr
*default*        0x0000000000000000 0xffffffffffffffff

Linker script and memory map

LOAD c:/st/stm32cubeide_1.3.0/stm32cubeide/plugins/com.st.stm32cube.ide.mcu.externaltools.gnu-tools-for-stm32.7-2018-q2-update.win32_1.0.0.201904181610/tools/bin/../lib/gcc/arm-none-eabi/7.3.1/thumb/v6-m/crti.o
LOAD c:/st/stm32cubeide_1.3.0/stm32cubeide/plugins/com.st.stm32cube.ide.mcu.externaltools.gnu-tools-for-stm32.7-2018-q2-update.win32_1.0.0.201904181610/tools/bin/../lib/gcc/arm-none-eabi/7.3.1/thumb/v6-m/crtbegin.o
LOAD c:/st/stm32cubeide_1.3.0/stm32cubeide/plugins/com.st.stm32cube.ide.mcu.externaltools.gnu-tools-for-stm32.7-2018-q2-update.win32_1.0.0.201904181610/tools/bin/../lib/gcc/arm-none-eabi/7.3.1/../../../../arm-none-eabi/lib/thumb/v6-m/crt0.o
LOAD Core/Src/main.o
LOAD Core/Src/sbus.o
LOAD Core/Src/servo.o
LOAD Core/Src/stm32f0xx_hal_msp.o
LOAD Core/Src/stm32f0xx_it.o
LOAD Core/Src/syscalls.o
LOAD Core/Src/sysmem.o
LOAD Core/Src/system_stm32f0xx.o
LOAD Core/Startup/startup_stm32f042g6ux.o
LOAD Drivers/STM32F0xx_HAL_Driver/Src/stm32f0xx_hal.o
LOAD Drivers/STM32F0xx_HAL_Driver/Src/stm32f0xx_hal_cortex.o
LOAD Drivers/STM32F0xx_HAL_Driver/Src/stm32f0xx_hal_dma.o
LOAD Drivers/STM32F0xx_HAL_Driver/Src/stm32f0xx_hal_exti.o
LOAD Drivers/STM32F0xx_HAL_Driver/Src/stm32f0xx_hal_flash.o
LOAD Drivers/STM32F0xx_HAL_Driver/Src/stm32f0xx_hal_flash_ex.o
LOAD Drivers/STM32F0xx_HAL_Driver/Src/stm32f0xx_hal_gpio.o
LOAD Drivers/STM32F0xx_HAL_Driver/Src/stm32f0xx_hal_i2c.o
LOAD Drivers/STM32F0xx_HAL_Driver/Src/stm32f0xx_hal_i2c_ex.o
LOAD Drivers/STM32F0xx_HAL_Driver/Src/stm32f0xx_hal_pcd.o
LOAD Drivers/STM32F0xx_HAL_Driver/Src/stm32f0xx_hal_pcd_ex.o
LOAD Drivers/STM32F0xx_HAL_Driver/Src/stm32f0xx_hal_pwr.o
LOAD Drivers/STM32F0xx_HAL_Driver/Src/stm32f0xx_hal_pwr_ex.o
LOAD Drivers/STM32F0xx_HAL_Driver/Src/stm32f0xx_hal_rcc.o
LOAD Drivers/STM32F0xx_HAL_Driver/Src/stm32f0xx_hal_rcc_ex.o
LOAD Drivers/STM32F0xx_HAL_Driver/Src/stm32f0xx_hal_tim.o
LOAD Drivers/STM32F0xx_HAL_Driver/Src/stm32f0xx_hal_tim_ex.o
LOAD Drivers/STM32F0xx_HAL_Driver/Src/stm32f0xx_hal_uart.o
LOAD Drivers/STM32F0xx_HAL_Driver/Src/stm32f0xx_hal_uart_ex.o
LOAD Drivers/STM32F0xx_HAL_Driver/Src/stm32f0xx_ll_usb.o
LOAD Middlewares/ST/STM32_USB_Device_Library/Class/CDC/Src/usbd_cdc.o
LOAD Middlewares/ST/STM32_USB_Device_Library/Core/Src/usbd_core.o
LOAD Middlewares/ST/STM32_USB_Device_Library/Core/Src/usbd_ctlreq.o
LOAD Middlewares/ST/STM32_USB_Device_Library/Core/Src/usbd_ioreq.o
LOAD USB_DEVICE/App/usb_device.o
LOAD USB_DEVICE/App/usbd_cdc_if.o
LOAD USB_DEVICE/App/usbd_desc.o
LOAD USB_DEVICE/Target/usbd_conf.o
START GROUP
LOAD c:/st/stm32cubeide_1.3.0/stm32cubeide/plugins/com.st.stm32cube.ide.mcu.externaltools.gnu-tools-for-stm32.7-2018-q2-update.win32_1.0.0.201904181610/tools/bin/../lib/gcc/arm-none-eabi/7.3.1/../../../../arm-none-eabi/lib/thumb/v6-m\libc_nano.a
LOAD c:/st/stm32cubeide_1.3.0/stm32cubeide/plugins/com.st.stm32cube.ide.mcu.externaltools.gnu-tools-for-stm32.7-2018-q2-update.win32_1.0.0.201904181610/tools/bin/../lib/gcc/arm-none-eabi/7.3.1/../../../../arm-none-eabi/lib/thumb/v6-m\libm.a
END GROUP
START GROUP
LOAD c:/st/stm32cubeide_1.3.0/stm32cubeide/plugins/com.st.stm32cube.ide.mcu.externaltools.gnu-tools-for-stm32.7-2018-q2-update.win32_1.0.0.201904181610/tools/bin/../lib/gcc/arm-none-eabi/7.3.1/thumb/v6-m\libgcc.a
LOAD c:/st/stm32cubeide_1.3.0/stm32cubeide/plugins/com.st.stm32cube.ide.mcu.externaltools.gnu-tools-for-stm32.7-2018-q2-update.win32_1.0.0.201904181610/tools/bin/../lib/gcc/arm-none-eabi/7.3.1/../../../../arm-none-eabi/lib/thumb/v6-m\libc_nano.a
END GROUP
START GROUP
LOAD c:/st/stm32cubeide_1.3.0/stm32cubeide/plugins/com.st.stm32cube.ide.mcu.externaltools.gnu-tools-for-stm32.7-2018-q2-update.win32_1.0.0.201904181610/tools/bin/../lib/gcc/arm-none-eabi/7.3.1/thumb/v6-m\libgcc.a
LOAD c:/st/stm32cubeide_1.3.0/stm32cubeide/plugins/com.st.stm32cube.ide.mcu.externaltools.gnu-tools-for-stm32.7-2018-q2-update.win32_1.0.0.201904181610/tools/bin/../lib/gcc/arm-none-eabi/7.3.1/../../../../arm-none-eabi/lib/thumb/v6-m\libc_nano.a
LOAD c:/st/stm32cubeide_1.3.0/stm32cubeide/plugins/com.st.stm32cube.ide.mcu.externaltools.gnu-tools-for-stm32.7-2018-q2-update.win32_1.0.0.201904181610/tools/bin/../lib/gcc/arm-none-eabi/7.3.1/../../../../arm-none-eabi/lib/thumb/v6-m\libnosys.a
END GROUP
START GROUP
LOAD c:/st/stm32cubeide_1.3.0/stm32cubeide/plugins/com.st.stm32cube.ide.mcu.externaltools.gnu-tools-for-stm32.7-2018-q2-update.win32_1.0.0.201904181610/tools/bin/../lib/gcc/arm-none-eabi/7.3.1/thumb/v6-m\libgcc.a
LOAD c:/st/stm32cubeide_1.3.0/stm32cubeide/plugins/com.st.stm32cube.ide.mcu.externaltools.gnu-tools-for-stm32.7-2018-q2-update.win32_1.0.0.201904181610/tools/bin/../lib/gcc/arm-none-eabi/7.3.1/../../../../arm-none-eabi/lib/thumb/v6-m\libc_nano.a
LOAD c:/st/stm32cubeide_1.3.0/stm32cubeide/plugins/com.st.stm32cube.ide.mcu.externaltools.gnu-tools-for-stm32.7-2018-q2-update.win32_1.0.0.201904181610/tools/bin/../lib/gcc/arm-none-eabi/7.3.1/../../../../arm-none-eabi/lib/thumb/v6-m\libnosys.a
END GROUP
LOAD c:/st/stm32cubeide_1.3.0/stm32cubeide/plugins/com.st.stm32cube.ide.mcu.externaltools.gnu-tools-for-stm32.7-2018-q2-update.win32_1.0.0.201904181610/tools/bin/../lib/gcc/arm-none-eabi/7.3.1/thumb/v6-m/crtend.o
LOAD c:/st/stm32cubeide_1.3.0/stm32cubeide/plugins/com.st.stm32cube.ide.mcu.externaltools.gnu-tools-for-stm32.7-2018-q2-update.win32_1.0.0.201904181610/tools/bin/../lib/gcc/arm-none-eabi/7.3.1/thumb/v6-m/crtn.o
                0x0000000020001800                _estack = (ORIGIN (RAM) + LENGTH (RAM))
                0x0000000000000100                _Min_Heap_Size = 0x100
                0x0000000000000100                _Min_Stack_Size = 0x100

.isr_vector     0x0000000008000000       0xc0
                0x0000000008000000                . = ALIGN (0x4)
 *(.isr_vector)
 .isr_vector    0x0000000008000000       0xc0 Core/Startup/startup_stm32f042g6ux.o
                0x0000000008000000                g_pfnVectors
                0x00000000080000c0                . = ALIGN (0x4)

.text           0x00000000080000c0     0x49cc
                0x00000000080000c0                . = ALIGN (0x4)
 *(.text)
 .text          0x00000000080000c0       0x48 c:/st/stm32cubeide_1.3.0/stm32cubeide/plugins/com.st.stm32cube.ide.mcu.externaltools.gnu-tools-for-stm32.7-2018-q2-update.win32_1.0.0.201904181610/tools/bin/../lib/gcc/arm-none-eabi/7.3.1/thumb/v6-m/crtbegin.o
 .text          0x0000000008000108        0xe c:/st/stm32cubeide_1.3.0/stm32cubeide/plugins/com.st.stm32cube.ide.mcu.externaltools.gnu-tools-for-stm32.7-2018-q2-update.win32_1.0.0.201904181610/tools/bin/../lib/gcc/arm-none-eabi/7.3.1/../../../../arm-none-eabi/lib/thumb/v6-m\libc_nano.a(lib_a-strlen.o)
                0x0000000008000108                strlen
 *fill*         0x0000000008000116        0x2 
 .text          0x0000000008000118       0x14 c:/st/stm32cubeide_1.3.0/stm32cubeide/plugins/com.st.stm32cube.ide.mcu.externaltools.gnu-tools-for-stm32.7-2018-q2-update.win32_1.0.0.201904181610/tools/bin/../lib/gcc/arm-none-eabi/7.3.1/thumb/v6-m\libgcc.a(_thumb1_case_sqi.o)
                0x0000000008000118                __gnu_thumb1_case_sqi
 .text          0x000000000800012c       0x14 c:/st/stm32cubeide_1.3.0/stm32cubeide/plugins/com.st.stm32cube.ide.mcu.externaltools.gnu-tools-for-stm32.7-2018-q2-update.win32_1.0.0.201904181610/tools/bin/../lib/gcc/arm-none-eabi/7.3.1/thumb/v6-m\libgcc.a(_thumb1_case_uqi.o)
                0x000000000800012c                __gnu_thumb1_case_uqi
 .text          0x0000000008000140       0x14 c:/st/stm32cubeide_1.3.0/stm32cubeide/plugins/com.st.stm32cube.ide.mcu.externaltools.gnu-tools-for-stm32.7-2018-q2-update.win32_1.0.0.201904181610/tools/bin/../lib/gcc/arm-none-eabi/7.3.1/thumb/v6-m\libgcc.a(_thumb1_case_uhi.o)
                0x0000000008000140                __gnu_thumb1_case_uhi
 .text          0x0000000008000154      0x114 c:/st/stm32cubeide_1.3.0/stm32cubeide/plugins/com.st.stm32cube.ide.mcu.externaltools.gnu-tools-for-stm32.7-2018-q2-update.win32_1.0.0.201904181610/tools/bin/../lib/gcc/arm-none-eabi/7.3.1/thumb/v6-m\libgcc.a(_udivsi3.o)
                0x0000000008000154                __aeabi_uidiv
                0x0000000008000154                __udivsi3
                0x0000000008000260                __aeabi_uidivmod
 .text          0x0000000008000268      0x1d4 c:/st/stm32cubeide_1.3.0/stm32cubeide/plugins/com.st.stm32cube.ide.mcu.externaltools.gnu-tools-for-stm32.7-2018-q2-update.win32_1.0.0.201904181610/tools/bin/../lib/gcc/arm-none-eabi/7.3.1/thumb/v6-m\libgcc.a(_divsi3.o)
                0x0000000008000268                __divsi3
                0x0000000008000268                __aeabi_idiv
                0x0000000008000434                __aeabi_idivmod
 .text          0x000000000800043c        0x4 c:/st/stm32cubeide_1.3.0/stm32cubeide/plugins/com.st.stm32cube.ide.mcu.externaltools.gnu-tools-for-stm32.7-2018-q2-update.win32_1.0.0.201904181610/tools/bin/../lib/gcc/arm-none-eabi/7.3.1/thumb/v6-m\libgcc.a(_dvmd_tls.o)
                0x000000000800043c                __aeabi_idiv0
                0x000000000800043c                __aeabi_ldiv0
 *(.text*)
 .text.HAL_UART_RxCpltCallback
                0x0000000008000440      0x110 Core/Src/main.o
                0x0000000008000440                HAL_UART_RxCpltCallback
 .text.HAL_TIM_PeriodElapsedCallback
                0x0000000008000550       0x14 Core/Src/main.o
                0x0000000008000550                HAL_TIM_PeriodElapsedCallback
 .text.SystemClock_Config
                0x0000000008000564       0x5c Core/Src/main.o
                0x0000000008000564                SystemClock_Config
 .text.startup.main
                0x00000000080005c0      0x210 Core/Src/main.o
                0x00000000080005c0                main
 .text.Error_Handler
                0x00000000080007d0        0x2 Core/Src/main.o
                0x00000000080007d0                Error_Handler
 *fill*         0x00000000080007d2        0x2 
 .text.SBUS_Init
                0x00000000080007d4       0x1c Core/Src/sbus.o
                0x00000000080007d4                SBUS_Init
 .text.SBUS_AddByte
                0x00000000080007f0       0x1c Core/Src/sbus.o
                0x00000000080007f0                SBUS_AddByte
 .text.SBUS_GetChannel
                0x000000000800080c       0x4c Core/Src/sbus.o
                0x000000000800080c                SBUS_GetChannel
 .text.SBUS_NormalizeChannel
                0x0000000008000858       0x24 Core/Src/sbus.o
                0x0000000008000858                SBUS_NormalizeChannel
 .text.SBUS_TimeoutCallback
                0x000000000800087c        0xc Core/Src/sbus.o
                0x000000000800087c                SBUS_TimeoutCallback
 .text.HAL_MspInit
                0x0000000008000888       0x3c Core/Src/stm32f0xx_hal_msp.o
                0x0000000008000888                HAL_MspInit
 .text.HAL_TIM_Base_MspInit
                0x00000000080008c4       0x74 Core/Src/stm32f0xx_hal_msp.o
                0x00000000080008c4                HAL_TIM_Base_MspInit
 .text.HAL_TIM_MspPostInit
                0x0000000008000938       0xcc Core/Src/stm32f0xx_hal_msp.o
                0x0000000008000938                HAL_TIM_MspPostInit
 .text.HAL_UART_MspInit
                0x0000000008000a04       0x74 Core/Src/stm32f0xx_hal_msp.o
                0x0000000008000a04                HAL_UART_MspInit
 .text.NMI_Handler
                0x0000000008000a78        0x2 Core/Src/stm32f0xx_it.o
                0x0000000008000a78                NMI_Handler
 .text.HardFault_Handler
                0x0000000008000a7a        0x2 Core/Src/stm32f0xx_it.o
                0x0000000008000a7a                HardFault_Handler
 .text.SVC_Handler
                0x0000000008000a7c        0x2 Core/Src/stm32f0xx_it.o
                0x0000000008000a7c                SVC_Handler
 .text.PendSV_Handler
                0x0000000008000a7e        0x2 Core/Src/stm32f0xx_it.o
                0x0000000008000a7e                PendSV_Handler
 .text.SysTick_Handler
                0x0000000008000a80        0x8 Core/Src/stm32f0xx_it.o
                0x0000000008000a80                SysTick_Handler
 .text.TIM14_IRQHandler
                0x0000000008000a88       0x10 Core/Src/stm32f0xx_it.o
                0x0000000008000a88                TIM14_IRQHandler
 .text.USART1_IRQHandler
                0x0000000008000a98       0x10 Core/Src/stm32f0xx_it.o
                0x0000000008000a98                USART1_IRQHandler
 .text.USB_IRQHandler
                0x0000000008000aa8       0x10 Core/Src/stm32f0xx_it.o
                0x0000000008000aa8                USB_IRQHandler
 .text._sbrk    0x0000000008000ab8       0x34 Core/Src/sysmem.o
                0x0000000008000ab8                _sbrk
 .text.SystemInit
                0x0000000008000aec        0x2 Core/Src/system_stm32f0xx.o
                0x0000000008000aec                SystemInit
 *fill*         0x0000000008000aee        0x2 
 .text.Reset_Handler
                0x0000000008000af0       0x80 Core/Startup/startup_stm32f042g6ux.o
                0x0000000008000af0                Reset_Handler
 .text.Default_Handler
                0x0000000008000b70        0x2 Core/Startup/startup_stm32f042g6ux.o
                0x0000000008000b70                TIM1_CC_IRQHandler
                0x0000000008000b70                TSC_IRQHandler
                0x0000000008000b70                I2C1_IRQHandler
                0x0000000008000b70                RCC_CRS_IRQHandler
                0x0000000008000b70                SPI1_IRQHandler
                0x0000000008000b70                EXTI2_3_IRQHandler
                0x0000000008000b70                ADC1_IRQHandler
                0x0000000008000b70                TIM17_IRQHandler
                0x0000000008000b70                CEC_CAN_IRQHandler
                0x0000000008000b70                RTC_IRQHandler
                0x0000000008000b70                PVD_VDDIO2_IRQHandler
                0x0000000008000b70                TIM16_IRQHandler
                0x0000000008000b70                TIM3_IRQHandler
                0x0000000008000b70                EXTI4_15_IRQHandler
                0x0000000008000b70                DMA1_Channel1_IRQHandler
                0x0000000008000b70                Default_Handler
                0x0000000008000b70                DMA1_Channel4_5_IRQHandler
                0x0000000008000b70                EXTI0_1_IRQHandler
                0x0000000008000b70                SPI2_IRQHandler
                0x0000000008000b70                WWDG_IRQHandler
                0x0000000008000b70                TIM2_IRQHandler
                0x0000000008000b70                DMA1_Channel2_3_IRQHandler
                0x0000000008000b70                USART2_IRQHandler
                0x0000000008000b70                FLASH_IRQHandler
                0x0000000008000b70                TIM1_BRK_UP_TRG_COM_IRQHandler
 *fill*         0x0000000008000b72        0x2 
 .text.HAL_InitTick
                0x0000000008000b74       0x48 Drivers/STM32F0xx_HAL_Driver/Src/stm32f0xx_hal.o
                0x0000000008000b74                HAL_InitTick
 .text.HAL_Init
                0x0000000008000bbc       0x20 Drivers/STM32F0xx_HAL_Driver/Src/stm32f0xx_hal.o
                0x0000000008000bbc                HAL_Init
 .text.HAL_IncTick
                0x0000000008000bdc       0x18 Drivers/STM32F0xx_HAL_Driver/Src/stm32f0xx_hal.o
                0x0000000008000bdc                HAL_IncTick
 .text.HAL_GetTick
                0x0000000008000bf4        0xc Drivers/STM32F0xx_HAL_Driver/Src/stm32f0xx_hal.o
                0x0000000008000bf4                HAL_GetTick
 .text.HAL_NVIC_SetPriority
                0x0000000008000c00       0x54 Drivers/STM32F0xx_HAL_Driver/Src/stm32f0xx_hal_cortex.o
                0x0000000008000c00                HAL_NVIC_SetPriority
 .text.HAL_NVIC_EnableIRQ
                0x0000000008000c54       0x18 Drivers/STM32F0xx_HAL_Driver/Src/stm32f0xx_hal_cortex.o
                0x0000000008000c54                HAL_NVIC_EnableIRQ
 .text.HAL_SYSTICK_Config
                0x0000000008000c6c       0x34 Drivers/STM32F0xx_HAL_Driver/Src/stm32f0xx_hal_cortex.o
                0x0000000008000c6c                HAL_SYSTICK_Config
 .text.HAL_DMA_Abort_IT
                0x0000000008000ca0       0x46 Drivers/STM32F0xx_HAL_Driver/Src/stm32f0xx_hal_dma.o
                0x0000000008000ca0                HAL_DMA_Abort_IT
 *fill*         0x0000000008000ce6        0x2 
 .text.HAL_GPIO_Init
                0x0000000008000ce8      0x154 Drivers/STM32F0xx_HAL_Driver/Src/stm32f0xx_hal_gpio.o
                0x0000000008000ce8                HAL_GPIO_Init
 .text.HAL_GPIO_WritePin
                0x0000000008000e3c        0xc Drivers/STM32F0xx_HAL_Driver/Src/stm32f0xx_hal_gpio.o
                0x0000000008000e3c                HAL_GPIO_WritePin
 .text.HAL_PCD_Init
                0x0000000008000e48       0xc4 Drivers/STM32F0xx_HAL_Driver/Src/stm32f0xx_hal_pcd.o
                0x0000000008000e48                HAL_PCD_Init
 .text.HAL_PCD_Start
                0x0000000008000f0c       0x26 Drivers/STM32F0xx_HAL_Driver/Src/stm32f0xx_hal_pcd.o
                0x0000000008000f0c                HAL_PCD_Start
 .text.HAL_PCD_SetAddress
                0x0000000008000f32       0x24 Drivers/STM32F0xx_HAL_Driver/Src/stm32f0xx_hal_pcd.o
                0x0000000008000f32                HAL_PCD_SetAddress
 .text.HAL_PCD_EP_Open
                0x0000000008000f56       0x60 Drivers/STM32F0xx_HAL_Driver/Src/stm32f0xx_hal_pcd.o
                0x0000000008000f56                HAL_PCD_EP_Open
 .text.HAL_PCD_EP_Close
                0x0000000008000fb6       0x48 Drivers/STM32F0xx_HAL_Driver/Src/stm32f0xx_hal_pcd.o
                0x0000000008000fb6                HAL_PCD_EP_Close
 .text.HAL_PCD_EP_Receive
                0x0000000008000ffe       0x36 Drivers/STM32F0xx_HAL_Driver/Src/stm32f0xx_hal_pcd.o
                0x0000000008000ffe                HAL_PCD_EP_Receive
 .text.HAL_PCD_EP_GetRxCount
                0x0000000008001034        0xe Drivers/STM32F0xx_HAL_Driver/Src/stm32f0xx_hal_pcd.o
                0x0000000008001034                HAL_PCD_EP_GetRxCount
 .text.HAL_PCD_EP_Transmit
                0x0000000008001042       0x2e Drivers/STM32F0xx_HAL_Driver/Src/stm32f0xx_hal_pcd.o
                0x0000000008001042                HAL_PCD_EP_Transmit
 .text.HAL_PCD_IRQHandler
                0x0000000008001070      0x498 Drivers/STM32F0xx_HAL_Driver/Src/stm32f0xx_hal_pcd.o
                0x0000000008001070                HAL_PCD_IRQHandler
 .text.HAL_PCD_EP_SetStall
                0x0000000008001508       0x6a Drivers/STM32F0xx_HAL_Driver/Src/stm32f0xx_hal_pcd.o
                0x0000000008001508                HAL_PCD_EP_SetStall
 .text.HAL_PCD_EP_ClrStall
                0x0000000008001572       0x58 Drivers/STM32F0xx_HAL_Driver/Src/stm32f0xx_hal_pcd.o
                0x0000000008001572                HAL_PCD_EP_ClrStall
 .text.HAL_PCDEx_PMAConfig
                0x00000000080015ca       0x32 Drivers/STM32F0xx_HAL_Driver/Src/stm32f0xx_hal_pcd_ex.o
                0x00000000080015ca                HAL_PCDEx_PMAConfig
 .text.HAL_PCDEx_ActivateLPM
                0x00000000080015fc       0x28 Drivers/STM32F0xx_HAL_Driver/Src/stm32f0xx_hal_pcd_ex.o
                0x00000000080015fc                HAL_PCDEx_ActivateLPM
 .text.HAL_PCDEx_LPM_Callback
                0x0000000008001624        0x2 Drivers/STM32F0xx_HAL_Driver/Src/stm32f0xx_hal_pcd_ex.o
                0x0000000008001624                HAL_PCDEx_LPM_Callback
 *fill*         0x0000000008001626        0x2 
 .text.HAL_RCC_OscConfig
                0x0000000008001628      0x4a0 Drivers/STM32F0xx_HAL_Driver/Src/stm32f0xx_hal_rcc.o
                0x0000000008001628                HAL_RCC_OscConfig
 .text.HAL_RCC_GetSysClockFreq
                0x0000000008001ac8       0x84 Drivers/STM32F0xx_HAL_Driver/Src/stm32f0xx_hal_rcc.o
                0x0000000008001ac8                HAL_RCC_GetSysClockFreq
 .text.HAL_RCC_ClockConfig
                0x0000000008001b4c      0x118 Drivers/STM32F0xx_HAL_Driver/Src/stm32f0xx_hal_rcc.o
                0x0000000008001b4c                HAL_RCC_ClockConfig
 .text.HAL_RCC_GetPCLK1Freq
                0x0000000008001c64       0x20 Drivers/STM32F0xx_HAL_Driver/Src/stm32f0xx_hal_rcc.o
                0x0000000008001c64                HAL_RCC_GetPCLK1Freq
 .text.HAL_RCCEx_PeriphCLKConfig
                0x0000000008001c84      0x12c Drivers/STM32F0xx_HAL_Driver/Src/stm32f0xx_hal_rcc_ex.o
                0x0000000008001c84                HAL_RCCEx_PeriphCLKConfig
 .text.TIM_OC1_SetConfig
                0x0000000008001db0       0x78 Drivers/STM32F0xx_HAL_Driver/Src/stm32f0xx_hal_tim.o
 .text.TIM_OC3_SetConfig
                0x0000000008001e28       0x80 Drivers/STM32F0xx_HAL_Driver/Src/stm32f0xx_hal_tim.o
 .text.TIM_OC4_SetConfig
                0x0000000008001ea8       0x68 Drivers/STM32F0xx_HAL_Driver/Src/stm32f0xx_hal_tim.o
 .text.HAL_TIM_Base_Start_IT
                0x0000000008001f10       0x1e Drivers/STM32F0xx_HAL_Driver/Src/stm32f0xx_hal_tim.o
                0x0000000008001f10                HAL_TIM_Base_Start_IT
 .text.HAL_TIM_PWM_MspInit
                0x0000000008001f2e        0x2 Drivers/STM32F0xx_HAL_Driver/Src/stm32f0xx_hal_tim.o
                0x0000000008001f2e                HAL_TIM_PWM_MspInit
 .text.HAL_TIM_OC_DelayElapsedCallback
                0x0000000008001f30        0x2 Drivers/STM32F0xx_HAL_Driver/Src/stm32f0xx_hal_tim.o
                0x0000000008001f30                HAL_TIM_OC_DelayElapsedCallback
 .text.HAL_TIM_IC_CaptureCallback
                0x0000000008001f32        0x2 Drivers/STM32F0xx_HAL_Driver/Src/stm32f0xx_hal_tim.o
                0x0000000008001f32                HAL_TIM_IC_CaptureCallback
 .text.HAL_TIM_PWM_PulseFinishedCallback
                0x0000000008001f34        0x2 Drivers/STM32F0xx_HAL_Driver/Src/stm32f0xx_hal_tim.o
                0x0000000008001f34                HAL_TIM_PWM_PulseFinishedCallback
 .text.HAL_TIM_TriggerCallback
                0x0000000008001f36        0x2 Drivers/STM32F0xx_HAL_Driver/Src/stm32f0xx_hal_tim.o
                0x0000000008001f36                HAL_TIM_TriggerCallback
 .text.HAL_TIM_IRQHandler
                0x0000000008001f38      0x148 Drivers/STM32F0xx_HAL_Driver/Src/stm32f0xx_hal_tim.o
                0x0000000008001f38                HAL_TIM_IRQHandler
 .text.TIM_Base_SetConfig
                0x0000000008002080       0x90 Drivers/STM32F0xx_HAL_Driver/Src/stm32f0xx_hal_tim.o
                0x0000000008002080                TIM_Base_SetConfig
 .text.HAL_TIM_Base_Init
                0x0000000008002110       0x36 Drivers/STM32F0xx_HAL_Driver/Src/stm32f0xx_hal_tim.o
                0x0000000008002110                HAL_TIM_Base_Init
 .text.HAL_TIM_PWM_Init
                0x0000000008002146       0x36 Drivers/STM32F0xx_HAL_Driver/Src/stm32f0xx_hal_tim.o
                0x0000000008002146                HAL_TIM_PWM_Init
 .text.TIM_OC2_SetConfig
                0x000000000800217c       0x78 Drivers/STM32F0xx_HAL_Driver/Src/stm32f0xx_hal_tim.o
                0x000000000800217c                TIM_OC2_SetConfig
 .text.HAL_TIM_PWM_ConfigChannel
                0x00000000080021f4       0xd4 Drivers/STM32F0xx_HAL_Driver/Src/stm32f0xx_hal_tim.o
                0x00000000080021f4                HAL_TIM_PWM_ConfigChannel
 .text.TIM_ETR_SetConfig
                0x00000000080022c8       0x18 Drivers/STM32F0xx_HAL_Driver/Src/stm32f0xx_hal_tim.o
                0x00000000080022c8                TIM_ETR_SetConfig
 .text.HAL_TIM_ConfigClockSource
                0x00000000080022e0      0x12c Drivers/STM32F0xx_HAL_Driver/Src/stm32f0xx_hal_tim.o
                0x00000000080022e0                HAL_TIM_ConfigClockSource
 .text.TIM_CCxChannelCmd
                0x000000000800240c       0x1a Drivers/STM32F0xx_HAL_Driver/Src/stm32f0xx_hal_tim.o
                0x000000000800240c                TIM_CCxChannelCmd
 *fill*         0x0000000008002426        0x2 
 .text.HAL_TIM_OC_Start
                0x0000000008002428       0x4c Drivers/STM32F0xx_HAL_Driver/Src/stm32f0xx_hal_tim.o
                0x0000000008002428                HAL_TIM_OC_Start
 .text.HAL_TIM_PWM_Start
                0x0000000008002474        0x8 Drivers/STM32F0xx_HAL_Driver/Src/stm32f0xx_hal_tim.o
                0x0000000008002474                HAL_TIM_PWM_Start
 .text.HAL_TIMEx_MasterConfigSynchronization
                0x000000000800247c       0x5c Drivers/STM32F0xx_HAL_Driver/Src/stm32f0xx_hal_tim_ex.o
                0x000000000800247c                HAL_TIMEx_MasterConfigSynchronization
 .text.HAL_TIMEx_CommutCallback
                0x00000000080024d8        0x2 Drivers/STM32F0xx_HAL_Driver/Src/stm32f0xx_hal_tim_ex.o
                0x00000000080024d8                HAL_TIMEx_CommutCallback
 .text.HAL_TIMEx_BreakCallback
                0x00000000080024da        0x2 Drivers/STM32F0xx_HAL_Driver/Src/stm32f0xx_hal_tim_ex.o
                0x00000000080024da                HAL_TIMEx_BreakCallback
 .text.UART_EndRxTransfer
                0x00000000080024dc       0x24 Drivers/STM32F0xx_HAL_Driver/Src/stm32f0xx_hal_uart.o
 .text.HAL_UART_Receive_IT
                0x0000000008002500       0xc8 Drivers/STM32F0xx_HAL_Driver/Src/stm32f0xx_hal_uart.o
                0x0000000008002500                HAL_UART_Receive_IT
 .text.HAL_UART_TxCpltCallback
                0x00000000080025c8        0x2 Drivers/STM32F0xx_HAL_Driver/Src/stm32f0xx_hal_uart.o
                0x00000000080025c8                HAL_UART_TxCpltCallback
 *fill*         0x00000000080025ca        0x2 
 .text.UART_RxISR_8BIT
                0x00000000080025cc       0x60 Drivers/STM32F0xx_HAL_Driver/Src/stm32f0xx_hal_uart.o
 .text.UART_RxISR_16BIT
                0x000000000800262c       0x5c Drivers/STM32F0xx_HAL_Driver/Src/stm32f0xx_hal_uart.o
 .text.HAL_UART_ErrorCallback
                0x0000000008002688        0x2 Drivers/STM32F0xx_HAL_Driver/Src/stm32f0xx_hal_uart.o
                0x0000000008002688                HAL_UART_ErrorCallback
 *fill*         0x000000000800268a        0x2 
 .text.HAL_UART_IRQHandler
                0x000000000800268c      0x154 Drivers/STM32F0xx_HAL_Driver/Src/stm32f0xx_hal_uart.o
                0x000000000800268c                HAL_UART_IRQHandler
 .text.UART_DMAAbortOnError
                0x00000000080027e0       0x16 Drivers/STM32F0xx_HAL_Driver/Src/stm32f0xx_hal_uart.o
 *fill*         0x00000000080027f6        0x2 
 .text.UART_SetConfig
                0x00000000080027f8      0x14c Drivers/STM32F0xx_HAL_Driver/Src/stm32f0xx_hal_uart.o
                0x00000000080027f8                UART_SetConfig
 .text.UART_AdvFeatureConfig
                0x0000000008002944       0xd0 Drivers/STM32F0xx_HAL_Driver/Src/stm32f0xx_hal_uart.o
                0x0000000008002944                UART_AdvFeatureConfig
 .text.UART_WaitOnFlagUntilTimeout
                0x0000000008002a14       0x90 Drivers/STM32F0xx_HAL_Driver/Src/stm32f0xx_hal_uart.o
                0x0000000008002a14                UART_WaitOnFlagUntilTimeout
 .text.UART_CheckIdleState
                0x0000000008002aa4       0x60 Drivers/STM32F0xx_HAL_Driver/Src/stm32f0xx_hal_uart.o
                0x0000000008002aa4                UART_CheckIdleState
 .text.HAL_UART_Init
                0x0000000008002b04       0x64 Drivers/STM32F0xx_HAL_Driver/Src/stm32f0xx_hal_uart.o
                0x0000000008002b04                HAL_UART_Init
 .text.HAL_UARTEx_WakeupCallback
                0x0000000008002b68        0x2 Drivers/STM32F0xx_HAL_Driver/Src/stm32f0xx_hal_uart_ex.o
                0x0000000008002b68                HAL_UARTEx_WakeupCallback
 *fill*         0x0000000008002b6a        0x2 
 .text.USB_EnableGlobalInt
                0x0000000008002b6c       0x14 Drivers/STM32F0xx_HAL_Driver/Src/stm32f0xx_ll_usb.o
                0x0000000008002b6c                USB_EnableGlobalInt
 .text.USB_DisableGlobalInt
                0x0000000008002b80       0x14 Drivers/STM32F0xx_HAL_Driver/Src/stm32f0xx_ll_usb.o
                0x0000000008002b80                USB_DisableGlobalInt
 .text.USB_DevInit
                0x0000000008002b94       0x2c Drivers/STM32F0xx_HAL_Driver/Src/stm32f0xx_ll_usb.o
                0x0000000008002b94                USB_DevInit
 .text.USB_ActivateEndpoint
                0x0000000008002bc0      0x284 Drivers/STM32F0xx_HAL_Driver/Src/stm32f0xx_ll_usb.o
                0x0000000008002bc0                USB_ActivateEndpoint
 .text.USB_DeactivateEndpoint
                0x0000000008002e44      0x12c Drivers/STM32F0xx_HAL_Driver/Src/stm32f0xx_ll_usb.o
                0x0000000008002e44                USB_DeactivateEndpoint
 .text.USB_EPSetStall
                0x0000000008002f70       0x3c Drivers/STM32F0xx_HAL_Driver/Src/stm32f0xx_ll_usb.o
                0x0000000008002f70                USB_EPSetStall
 .text.USB_EPClearStall
                0x0000000008002fac       0x84 Drivers/STM32F0xx_HAL_Driver/Src/stm32f0xx_ll_usb.o
                0x0000000008002fac                USB_EPClearStall
 .text.USB_SetDevAddress
                0x0000000008003030        0xe Drivers/STM32F0xx_HAL_Driver/Src/stm32f0xx_ll_usb.o
                0x0000000008003030                USB_SetDevAddress
 .text.USB_DevConnect
                0x000000000800303e       0x10 Drivers/STM32F0xx_HAL_Driver/Src/stm32f0xx_ll_usb.o
                0x000000000800303e                USB_DevConnect
 .text.USB_ReadInterrupts
                0x000000000800304e        0x8 Drivers/STM32F0xx_HAL_Driver/Src/stm32f0xx_ll_usb.o
                0x000000000800304e                USB_ReadInterrupts
 .text.USB_EP0_OutStart
                0x0000000008003056        0x4 Drivers/STM32F0xx_HAL_Driver/Src/stm32f0xx_ll_usb.o
                0x0000000008003056                USB_EP0_OutStart
 .text.USB_WritePMA
                0x000000000800305a       0x28 Drivers/STM32F0xx_HAL_Driver/Src/stm32f0xx_ll_usb.o
                0x000000000800305a                USB_WritePMA
 *fill*         0x0000000008003082        0x2 
 .text.USB_EPStartXfer
                0x0000000008003084      0x1d0 Drivers/STM32F0xx_HAL_Driver/Src/stm32f0xx_ll_usb.o
                0x0000000008003084                USB_EPStartXfer
 .text.USB_ReadPMA
                0x0000000008003254       0x38 Drivers/STM32F0xx_HAL_Driver/Src/stm32f0xx_ll_usb.o
                0x0000000008003254                USB_ReadPMA
 .text.USBD_CDC_EP0_RxReady
                0x000000000800328c       0x34 Middlewares/ST/STM32_USB_Device_Library/Class/CDC/Src/usbd_cdc.o
 .text.USBD_CDC_GetFSCfgDesc
                0x00000000080032c0        0xc Middlewares/ST/STM32_USB_Device_Library/Class/CDC/Src/usbd_cdc.o
 .text.USBD_CDC_GetHSCfgDesc
                0x00000000080032cc        0xc Middlewares/ST/STM32_USB_Device_Library/Class/CDC/Src/usbd_cdc.o
 .text.USBD_CDC_GetOtherSpeedCfgDesc
                0x00000000080032d8        0xc Middlewares/ST/STM32_USB_Device_Library/Class/CDC/Src/usbd_cdc.o
 .text.USBD_CDC_GetDeviceQualifierDescriptor
                0x00000000080032e4        0xc Middlewares/ST/STM32_USB_Device_Library/Class/CDC/Src/usbd_cdc.o
                0x00000000080032e4                USBD_CDC_GetDeviceQualifierDescriptor
 .text.USBD_CDC_DataOut
                0x00000000080032f0       0x34 Middlewares/ST/STM32_USB_Device_Library/Class/CDC/Src/usbd_cdc.o
 .text.USBD_CDC_DataIn
                0x0000000008003324       0x52 Middlewares/ST/STM32_USB_Device_Library/Class/CDC/Src/usbd_cdc.o
 *fill*         0x0000000008003376        0x2 
 .text.USBD_CDC_Setup
                0x0000000008003378       0xbc Middlewares/ST/STM32_USB_Device_Library/Class/CDC/Src/usbd_cdc.o
 .text.USBD_CDC_DeInit
                0x0000000008003434       0x46 Middlewares/ST/STM32_USB_Device_Library/Class/CDC/Src/usbd_cdc.o
 .text.USBD_CDC_Init
                0x000000000800347a       0xa8 Middlewares/ST/STM32_USB_Device_Library/Class/CDC/Src/usbd_cdc.o
 .text.USBD_CDC_RegisterInterface
                0x0000000008003522       0x12 Middlewares/ST/STM32_USB_Device_Library/Class/CDC/Src/usbd_cdc.o
                0x0000000008003522                USBD_CDC_RegisterInterface
 .text.USBD_CDC_SetTxBuffer
                0x0000000008003534       0x16 Middlewares/ST/STM32_USB_Device_Library/Class/CDC/Src/usbd_cdc.o
                0x0000000008003534                USBD_CDC_SetTxBuffer
 .text.USBD_CDC_SetRxBuffer
                0x000000000800354a        0xe Middlewares/ST/STM32_USB_Device_Library/Class/CDC/Src/usbd_cdc.o
                0x000000000800354a                USBD_CDC_SetRxBuffer
 .text.USBD_CDC_TransmitPacket
                0x0000000008003558       0x38 Middlewares/ST/STM32_USB_Device_Library/Class/CDC/Src/usbd_cdc.o
                0x0000000008003558                USBD_CDC_TransmitPacket
 .text.USBD_CDC_ReceivePacket
                0x0000000008003590       0x30 Middlewares/ST/STM32_USB_Device_Library/Class/CDC/Src/usbd_cdc.o
                0x0000000008003590                USBD_CDC_ReceivePacket
 .text.USBD_Init
                0x00000000080035c0       0x34 Middlewares/ST/STM32_USB_Device_Library/Core/Src/usbd_core.o
                0x00000000080035c0                USBD_Init
 .text.USBD_RegisterClass
                0x00000000080035f4       0x12 Middlewares/ST/STM32_USB_Device_Library/Core/Src/usbd_core.o
                0x00000000080035f4                USBD_RegisterClass
 .text.USBD_Start
                0x0000000008003606        0xa Middlewares/ST/STM32_USB_Device_Library/Core/Src/usbd_core.o
                0x0000000008003606                USBD_Start
 .text.USBD_SetClassConfig
                0x0000000008003610       0x1a Middlewares/ST/STM32_USB_Device_Library/Core/Src/usbd_core.o
                0x0000000008003610                USBD_SetClassConfig
 .text.USBD_ClrClassConfig
                0x000000000800362a       0x10 Middlewares/ST/STM32_USB_Device_Library/Core/Src/usbd_core.o
                0x000000000800362a                USBD_ClrClassConfig
 *fill*         0x000000000800363a        0x2 
 .text.USBD_LL_SetupStage
                0x000000000800363c       0x64 Middlewares/ST/STM32_USB_Device_Library/Core/Src/usbd_core.o
                0x000000000800363c                USBD_LL_SetupStage
 .text.USBD_LL_DataOutStage
                0x00000000080036a0       0x88 Middlewares/ST/STM32_USB_Device_Library/Core/Src/usbd_core.o
                0x00000000080036a0                USBD_LL_DataOutStage
 .text.USBD_LL_DataInStage
                0x0000000008003728       0xc6 Middlewares/ST/STM32_USB_Device_Library/Core/Src/usbd_core.o
                0x0000000008003728                USBD_LL_DataInStage
 .text.USBD_LL_Reset
                0x00000000080037ee       0x54 Middlewares/ST/STM32_USB_Device_Library/Core/Src/usbd_core.o
                0x00000000080037ee                USBD_LL_Reset
 .text.USBD_LL_SetSpeed
                0x0000000008003842        0x6 Middlewares/ST/STM32_USB_Device_Library/Core/Src/usbd_core.o
                0x0000000008003842                USBD_LL_SetSpeed
 .text.USBD_LL_Suspend
                0x0000000008003848       0x18 Middlewares/ST/STM32_USB_Device_Library/Core/Src/usbd_core.o
                0x0000000008003848                USBD_LL_Suspend
 .text.USBD_LL_Resume
                0x0000000008003860       0x18 Middlewares/ST/STM32_USB_Device_Library/Core/Src/usbd_core.o
                0x0000000008003860                USBD_LL_Resume
 .text.USBD_LL_SOF
                0x0000000008003878       0x1e Middlewares/ST/STM32_USB_Device_Library/Core/Src/usbd_core.o
                0x0000000008003878                USBD_LL_SOF
 .text.USBD_CtlError.constprop.1
                0x0000000008003896       0x14 Middlewares/ST/STM32_USB_Device_Library/Core/Src/usbd_ctlreq.o
 *fill*         0x00000000080038aa        0x2 
 .text.USBD_StdDevReq
                0x00000000080038ac      0x25c Middlewares/ST/STM32_USB_Device_Library/Core/Src/usbd_ctlreq.o
                0x00000000080038ac                USBD_StdDevReq
 .text.USBD_StdItfReq
                0x0000000008003b08       0x54 Middlewares/ST/STM32_USB_Device_Library/Core/Src/usbd_ctlreq.o
                0x0000000008003b08                USBD_StdItfReq
 .text.USBD_StdEPReq
                0x0000000008003b5c      0x126 Middlewares/ST/STM32_USB_Device_Library/Core/Src/usbd_ctlreq.o
                0x0000000008003b5c                USBD_StdEPReq
 .text.USBD_ParseSetupRequest
                0x0000000008003c82       0x28 Middlewares/ST/STM32_USB_Device_Library/Core/Src/usbd_ctlreq.o
                0x0000000008003c82                USBD_ParseSetupRequest
 .text.USBD_CtlError
                0x0000000008003caa       0x14 Middlewares/ST/STM32_USB_Device_Library/Core/Src/usbd_ctlreq.o
                0x0000000008003caa                USBD_CtlError
 .text.USBD_GetString
                0x0000000008003cbe       0x3a Middlewares/ST/STM32_USB_Device_Library/Core/Src/usbd_ctlreq.o
                0x0000000008003cbe                USBD_GetString
 .text.USBD_CtlSendData
                0x0000000008003cf8       0x1c Middlewares/ST/STM32_USB_Device_Library/Core/Src/usbd_ioreq.o
                0x0000000008003cf8                USBD_CtlSendData
 .text.USBD_CtlContinueSendData
                0x0000000008003d14       0x10 Middlewares/ST/STM32_USB_Device_Library/Core/Src/usbd_ioreq.o
                0x0000000008003d14                USBD_CtlContinueSendData
 .text.USBD_CtlPrepareRx
                0x0000000008003d24       0x20 Middlewares/ST/STM32_USB_Device_Library/Core/Src/usbd_ioreq.o
                0x0000000008003d24                USBD_CtlPrepareRx
 .text.USBD_CtlContinueRx
                0x0000000008003d44       0x10 Middlewares/ST/STM32_USB_Device_Library/Core/Src/usbd_ioreq.o
                0x0000000008003d44                USBD_CtlContinueRx
 .text.USBD_CtlSendStatus
                0x0000000008003d54       0x18 Middlewares/ST/STM32_USB_Device_Library/Core/Src/usbd_ioreq.o
                0x0000000008003d54                USBD_CtlSendStatus
 .text.USBD_CtlReceiveStatus
                0x0000000008003d6c       0x18 Middlewares/ST/STM32_USB_Device_Library/Core/Src/usbd_ioreq.o
                0x0000000008003d6c                USBD_CtlReceiveStatus
 .text.MX_USB_DEVICE_Init
                0x0000000008003d84       0x58 USB_DEVICE/App/usb_device.o
                0x0000000008003d84                MX_USB_DEVICE_Init
 .text.CDC_DeInit_FS
                0x0000000008003ddc        0x4 USB_DEVICE/App/usbd_cdc_if.o
 .text.CDC_Control_FS
                0x0000000008003de0        0x4 USB_DEVICE/App/usbd_cdc_if.o
 .text.CDC_Receive_FS
                0x0000000008003de4       0x1c USB_DEVICE/App/usbd_cdc_if.o
 .text.CDC_Init_FS
                0x0000000008003e00       0x28 USB_DEVICE/App/usbd_cdc_if.o
 .text.CDC_Transmit_FS
                0x0000000008003e28       0x2c USB_DEVICE/App/usbd_cdc_if.o
                0x0000000008003e28                CDC_Transmit_FS
 .text.USBD_FS_DeviceDescriptor
                0x0000000008003e54        0xc USB_DEVICE/App/usbd_desc.o
                0x0000000008003e54                USBD_FS_DeviceDescriptor
 .text.USBD_FS_LangIDStrDescriptor
                0x0000000008003e60        0xc USB_DEVICE/App/usbd_desc.o
                0x0000000008003e60                USBD_FS_LangIDStrDescriptor
 .text.IntToUnicode
                0x0000000008003e6c       0x2a USB_DEVICE/App/usbd_desc.o
 *fill*         0x0000000008003e96        0x2 
 .text.USBD_FS_SerialStrDescriptor
                0x0000000008003e98       0x44 USB_DEVICE/App/usbd_desc.o
                0x0000000008003e98                USBD_FS_SerialStrDescriptor
 .text.USBD_FS_ManufacturerStrDescriptor
                0x0000000008003edc       0x1c USB_DEVICE/App/usbd_desc.o
                0x0000000008003edc                USBD_FS_ManufacturerStrDescriptor
 .text.USBD_FS_ProductStrDescriptor
                0x0000000008003ef8       0x1c USB_DEVICE/App/usbd_desc.o
                0x0000000008003ef8                USBD_FS_ProductStrDescriptor
 .text.USBD_FS_ConfigStrDescriptor
                0x0000000008003f14       0x1c USB_DEVICE/App/usbd_desc.o
                0x0000000008003f14                USBD_FS_ConfigStrDescriptor
 .text.USBD_FS_InterfaceStrDescriptor
                0x0000000008003f30       0x1c USB_DEVICE/App/usbd_desc.o
                0x0000000008003f30                USBD_FS_InterfaceStrDescriptor
 .text.HAL_PCD_MspInit
                0x0000000008003f4c       0x38 USB_DEVICE/Target/usbd_conf.o
                0x0000000008003f4c                HAL_PCD_MspInit
 .text.HAL_PCD_SetupStageCallback
                0x0000000008003f84       0x12 USB_DEVICE/Target/usbd_conf.o
                0x0000000008003f84                HAL_PCD_SetupStageCallback
 .text.HAL_PCD_DataOutStageCallback
                0x0000000008003f96       0x16 USB_DEVICE/Target/usbd_conf.o
                0x0000000008003f96                HAL_PCD_DataOutStageCallback
 .text.HAL_PCD_DataInStageCallback
                0x0000000008003fac       0x14 USB_DEVICE/Target/usbd_conf.o
                0x0000000008003fac                HAL_PCD_DataInStageCallback
 .text.HAL_PCD_SOFCallback
                0x0000000008003fc0        0xe USB_DEVICE/Target/usbd_conf.o
                0x0000000008003fc0                HAL_PCD_SOFCallback
 .text.HAL_PCD_ResetCallback
                0x0000000008003fce       0x22 USB_DEVICE/Target/usbd_conf.o
                0x0000000008003fce                HAL_PCD_ResetCallback
 .text.HAL_PCD_SuspendCallback
                0x0000000008003ff0       0x24 USB_DEVICE/Target/usbd_conf.o
                0x0000000008003ff0                HAL_PCD_SuspendCallback
 .text.HAL_PCD_ResumeCallback
                0x0000000008004014       0x28 USB_DEVICE/Target/usbd_conf.o
                0x0000000008004014                HAL_PCD_ResumeCallback
 .text.USBD_LL_Init
                0x000000000800403c       0x80 USB_DEVICE/Target/usbd_conf.o
                0x000000000800403c                USBD_LL_Init
 .text.USBD_LL_Start
                0x00000000080040bc       0x20 USB_DEVICE/Target/usbd_conf.o
                0x00000000080040bc                USBD_LL_Start
 .text.USBD_LL_OpenEP
                0x00000000080040dc       0x24 USB_DEVICE/Target/usbd_conf.o
                0x00000000080040dc                USBD_LL_OpenEP
 .text.USBD_LL_CloseEP
                0x0000000008004100       0x20 USB_DEVICE/Target/usbd_conf.o
                0x0000000008004100                USBD_LL_CloseEP
 .text.USBD_LL_StallEP
                0x0000000008004120       0x20 USB_DEVICE/Target/usbd_conf.o
                0x0000000008004120                USBD_LL_StallEP
 .text.USBD_LL_ClearStallEP
                0x0000000008004140       0x20 USB_DEVICE/Target/usbd_conf.o
                0x0000000008004140                USBD_LL_ClearStallEP
 .text.USBD_LL_IsStallEP
                0x0000000008004160       0x24 USB_DEVICE/Target/usbd_conf.o
                0x0000000008004160                USBD_LL_IsStallEP
 .text.USBD_LL_SetUSBAddress
                0x0000000008004184       0x20 USB_DEVICE/Target/usbd_conf.o
                0x0000000008004184                USBD_LL_SetUSBAddress
 .text.USBD_LL_Transmit
                0x00000000080041a4       0x20 USB_DEVICE/Target/usbd_conf.o
                0x00000000080041a4                USBD_LL_Transmit
 .text.USBD_LL_PrepareReceive
                0x00000000080041c4       0x20 USB_DEVICE/Target/usbd_conf.o
                0x00000000080041c4                USBD_LL_PrepareReceive
 .text.USBD_LL_GetRxDataSize
                0x00000000080041e4        0xe USB_DEVICE/Target/usbd_conf.o
                0x00000000080041e4                USBD_LL_GetRxDataSize
 *fill*         0x00000000080041f2        0x2 
 .text.USBD_static_malloc
                0x00000000080041f4        0x8 USB_DEVICE/Target/usbd_conf.o
                0x00000000080041f4                USBD_static_malloc
 .text.USBD_static_free
                0x00000000080041fc        0x2 USB_DEVICE/Target/usbd_conf.o
                0x00000000080041fc                USBD_static_free
 *fill*         0x00000000080041fe        0x2 
 .text.__errno  0x0000000008004200        0xc c:/st/stm32cubeide_1.3.0/stm32cubeide/plugins/com.st.stm32cube.ide.mcu.externaltools.gnu-tools-for-stm32.7-2018-q2-update.win32_1.0.0.201904181610/tools/bin/../lib/gcc/arm-none-eabi/7.3.1/../../../../arm-none-eabi/lib/thumb/v6-m\libc_nano.a(lib_a-errno.o)
                0x0000000008004200                __errno
 .text.__libc_init_array
                0x000000000800420c       0x48 c:/st/stm32cubeide_1.3.0/stm32cubeide/plugins/com.st.stm32cube.ide.mcu.externaltools.gnu-tools-for-stm32.7-2018-q2-update.win32_1.0.0.201904181610/tools/bin/../lib/gcc/arm-none-eabi/7.3.1/../../../../arm-none-eabi/lib/thumb/v6-m\libc_nano.a(lib_a-init.o)
                0x000000000800420c                __libc_init_array
 .text.memcpy   0x0000000008004254       0x12 c:/st/stm32cubeide_1.3.0/stm32cubeide/plugins/com.st.stm32cube.ide.mcu.externaltools.gnu-tools-for-stm32.7-2018-q2-update.win32_1.0.0.201904181610/tools/bin/../lib/gcc/arm-none-eabi/7.3.1/../../../../arm-none-eabi/lib/thumb/v6-m\libc_nano.a(lib_a-memcpy-stub.o)
                0x0000000008004254                memcpy
 .text.memset   0x0000000008004266       0x10 c:/st/stm32cubeide_1.3.0/stm32cubeide/plugins/com.st.stm32cube.ide.mcu.externaltools.gnu-tools-for-stm32.7-2018-q2-update.win32_1.0.0.201904181610/tools/bin/../lib/gcc/arm-none-eabi/7.3.1/../../../../arm-none-eabi/lib/thumb/v6-m\libc_nano.a(lib_a-memset.o)
                0x0000000008004266                memset
 *fill*         0x0000000008004276        0x2 
 .text.sprintf  0x0000000008004278       0x40 c:/st/stm32cubeide_1.3.0/stm32cubeide/plugins/com.st.stm32cube.ide.mcu.externaltools.gnu-tools-for-stm32.7-2018-q2-update.win32_1.0.0.201904181610/tools/bin/../lib/gcc/arm-none-eabi/7.3.1/../../../../arm-none-eabi/lib/thumb/v6-m\libc_nano.a(lib_a-sprintf.o)
                0x0000000008004278                siprintf
                0x0000000008004278                sprintf
 .text.__ssputs_r
                0x00000000080042b8       0xc4 c:/st/stm32cubeide_1.3.0/stm32cubeide/plugins/com.st.stm32cube.ide.mcu.externaltools.gnu-tools-for-stm32.7-2018-q2-update.win32_1.0.0.201904181610/tools/bin/../lib/gcc/arm-none-eabi/7.3.1/../../../../arm-none-eabi/lib/thumb/v6-m\libc_nano.a(lib_a-nano-svfprintf.o)
                0x00000000080042b8                __ssputs_r
 .text._svfprintf_r
                0x000000000800437c      0x1fc c:/st/stm32cubeide_1.3.0/stm32cubeide/plugins/com.st.stm32cube.ide.mcu.externaltools.gnu-tools-for-stm32.7-2018-q2-update.win32_1.0.0.201904181610/tools/bin/../lib/gcc/arm-none-eabi/7.3.1/../../../../arm-none-eabi/lib/thumb/v6-m\libc_nano.a(lib_a-nano-svfprintf.o)
                0x000000000800437c                _svfiprintf_r
                0x000000000800437c                _svfprintf_r
 .text._printf_common
                0x0000000008004578       0xda c:/st/stm32cubeide_1.3.0/stm32cubeide/plugins/com.st.stm32cube.ide.mcu.externaltools.gnu-tools-for-stm32.7-2018-q2-update.win32_1.0.0.201904181610/tools/bin/../lib/gcc/arm-none-eabi/7.3.1/../../../../arm-none-eabi/lib/thumb/v6-m\libc_nano.a(lib_a-nano-vfprintf_i.o)
                0x0000000008004578                _printf_common
 *fill*         0x0000000008004652        0x2 
 .text._printf_i
                0x0000000008004654      0x210 c:/st/stm32cubeide_1.3.0/stm32cubeide/plugins/com.st.stm32cube.ide.mcu.externaltools.gnu-tools-for-stm32.7-2018-q2-update.win32_1.0.0.201904181610/tools/bin/../lib/gcc/arm-none-eabi/7.3.1/../../../../arm-none-eabi/lib/thumb/v6-m\libc_nano.a(lib_a-nano-vfprintf_i.o)
                0x0000000008004654                _printf_i
 .text.memchr   0x0000000008004864       0x16 c:/st/stm32cubeide_1.3.0/stm32cubeide/plugins/com.st.stm32cube.ide.mcu.externaltools.gnu-tools-for-stm32.7-2018-q2-update.win32_1.0.0.201904181610/tools/bin/../lib/gcc/arm-none-eabi/7.3.1/../../../../arm-none-eabi/lib/thumb/v6-m\libc_nano.a(lib_a-memchr-stub.o)
                0x0000000008004864                memchr
 .text.memmove  0x000000000800487a       0x26 c:/st/stm32cubeide_1.3.0/stm32cubeide/plugins/com.st.stm32cube.ide.mcu.externaltools.gnu-tools-for-stm32.7-2018-q2-update.win32_1.0.0.201904181610/tools/bin/../lib/gcc/arm-none-eabi/7.3.1/../../../../arm-none-eabi/lib/thumb/v6-m\libc_nano.a(lib_a-memmove.o)
                0x000000000800487a                memmove
 .text._free_r  0x00000000080048a0       0x94 c:/st/stm32cubeide_1.3.0/stm32cubeide/plugins/com.st.stm32cube.ide.mcu.externaltools.gnu-tools-for-stm32.7-2018-q2-update.win32_1.0.0.201904181610/tools/bin/../lib/gcc/arm-none-eabi/7.3.1/../../../../arm-none-eabi/lib/thumb/v6-m\libc_nano.a(lib_a-nano-freer.o)
                0x00000000080048a0                _free_r
 .text._malloc_r
                0x0000000008004934       0xbc c:/st/stm32cubeide_1.3.0/stm32cubeide/plugins/com.st.stm32cube.ide.mcu.externaltools.gnu-tools-for-stm32.7-2018-q2-update.win32_1.0.0.201904181610/tools/bin/../lib/gcc/arm-none-eabi/7.3.1/../../../../arm-none-eabi/lib/thumb/v6-m\libc_nano.a(lib_a-nano-mallocr.o)
                0x0000000008004934                _malloc_r
 .text._realloc_r
                0x00000000080049f0       0x4c c:/st/stm32cubeide_1.3.0/stm32cubeide/plugins/com.st.stm32cube.ide.mcu.externaltools.gnu-tools-for-stm32.7-2018-q2-update.win32_1.0.0.201904181610/tools/bin/../lib/gcc/arm-none-eabi/7.3.1/../../../../arm-none-eabi/lib/thumb/v6-m\libc_nano.a(lib_a-nano-reallocr.o)
                0x00000000080049f0                _realloc_r
 .text._sbrk_r  0x0000000008004a3c       0x24 c:/st/stm32cubeide_1.3.0/stm32cubeide/plugins/com.st.stm32cube.ide.mcu.externaltools.gnu-tools-for-stm32.7-2018-q2-update.win32_1.0.0.201904181610/tools/bin/../lib/gcc/arm-none-eabi/7.3.1/../../../../arm-none-eabi/lib/thumb/v6-m\libc_nano.a(lib_a-sbrkr.o)
                0x0000000008004a3c                _sbrk_r
 .text.__malloc_lock
                0x0000000008004a60        0x2 c:/st/stm32cubeide_1.3.0/stm32cubeide/plugins/com.st.stm32cube.ide.mcu.externaltools.gnu-tools-for-stm32.7-2018-q2-update.win32_1.0.0.201904181610/tools/bin/../lib/gcc/arm-none-eabi/7.3.1/../../../../arm-none-eabi/lib/thumb/v6-m\libc_nano.a(lib_a-mlock.o)
                0x0000000008004a60                __malloc_lock
 .text.__malloc_unlock
                0x0000000008004a62        0x2 c:/st/stm32cubeide_1.3.0/stm32cubeide/plugins/com.st.stm32cube.ide.mcu.externaltools.gnu-tools-for-stm32.7-2018-q2-update.win32_1.0.0.201904181610/tools/bin/../lib/gcc/arm-none-eabi/7.3.1/../../../../arm-none-eabi/lib/thumb/v6-m\libc_nano.a(lib_a-mlock.o)
                0x0000000008004a62                __malloc_unlock
 .text._malloc_usable_size_r
                0x0000000008004a64       0x10 c:/st/stm32cubeide_1.3.0/stm32cubeide/plugins/com.st.stm32cube.ide.mcu.externaltools.gnu-tools-for-stm32.7-2018-q2-update.win32_1.0.0.201904181610/tools/bin/../lib/gcc/arm-none-eabi/7.3.1/../../../../arm-none-eabi/lib/thumb/v6-m\libc_nano.a(lib_a-nano-msizer.o)
                0x0000000008004a64                _malloc_usable_size_r
 *(.glue_7)
 .glue_7        0x0000000008004a74        0x0 linker stubs
 *(.glue_7t)
 .glue_7t       0x0000000008004a74        0x0 linker stubs
 *(.eh_frame)
 .eh_frame      0x0000000008004a74        0x0 c:/st/stm32cubeide_1.3.0/stm32cubeide/plugins/com.st.stm32cube.ide.mcu.externaltools.gnu-tools-for-stm32.7-2018-q2-update.win32_1.0.0.201904181610/tools/bin/../lib/gcc/arm-none-eabi/7.3.1/thumb/v6-m/crtbegin.o
 *(.init)
 .init          0x0000000008004a74        0x4 c:/st/stm32cubeide_1.3.0/stm32cubeide/plugins/com.st.stm32cube.ide.mcu.externaltools.gnu-tools-for-stm32.7-2018-q2-update.win32_1.0.0.201904181610/tools/bin/../lib/gcc/arm-none-eabi/7.3.1/thumb/v6-m/crti.o
                0x0000000008004a74                _init
 .init          0x0000000008004a78        0x8 c:/st/stm32cubeide_1.3.0/stm32cubeide/plugins/com.st.stm32cube.ide.mcu.externaltools.gnu-tools-for-stm32.7-2018-q2-update.win32_1.0.0.201904181610/tools/bin/../lib/gcc/arm-none-eabi/7.3.1/thumb/v6-m/crtn.o
 *(.fini)
 .fini          0x0000000008004a80        0x4 c:/st/stm32cubeide_1.3.0/stm32cubeide/plugins/com.st.stm32cube.ide.mcu.externaltools.gnu-tools-for-stm32.7-2018-q2-update.win32_1.0.0.201904181610/tools/bin/../lib/gcc/arm-none-eabi/7.3.1/thumb/v6-m/crti.o
                0x0000000008004a80                _fini
 .fini          0x0000000008004a84        0x8 c:/st/stm32cubeide_1.3.0/stm32cubeide/plugins/com.st.stm32cube.ide.mcu.externaltools.gnu-tools-for-stm32.7-2018-q2-update.win32_1.0.0.201904181610/tools/bin/../lib/gcc/arm-none-eabi/7.3.1/thumb/v6-m/crtn.o
                0x0000000008004a8c                . = ALIGN (0x4)
                0x0000000008004a8c                _etext = .

.vfp11_veneer   0x0000000008004a8c        0x0
 .vfp11_veneer  0x0000000008004a8c        0x0 linker stubs

.v4_bx          0x0000000008004a8c        0x0
 .v4_bx         0x0000000008004a8c        0x0 linker stubs

.iplt           0x0000000008004a8c        0x0
 .iplt          0x0000000008004a8c        0x0 c:/st/stm32cubeide_1.3.0/stm32cubeide/plugins/com.st.stm32cube.ide.mcu.externaltools.gnu-tools-for-stm32.7-2018-q2-update.win32_1.0.0.201904181610/tools/bin/../lib/gcc/arm-none-eabi/7.3.1/thumb/v6-m/crtbegin.o

.rodata         0x0000000008004a8c       0xc8
                0x0000000008004a8c                . = ALIGN (0x4)
 *(.rodata)
 .rodata        0x0000000008004a8c       0x20 Drivers/STM32F0xx_HAL_Driver/Src/stm32f0xx_hal_rcc.o
 *(.rodata*)
 .rodata.HAL_UART_RxCpltCallback.str1.1
                0x0000000008004aac       0x11 Core/Src/main.o
 .rodata.AHBPrescTable
                0x0000000008004abd       0x10 Core/Src/system_stm32f0xx.o
                0x0000000008004abd                AHBPrescTable
 .rodata.APBPrescTable
                0x0000000008004acd        0x8 Core/Src/system_stm32f0xx.o
                0x0000000008004acd                APBPrescTable
 .rodata.CSWTCH.58
                0x0000000008004ad5        0x4 Drivers/STM32F0xx_HAL_Driver/Src/stm32f0xx_hal_uart.o
 .rodata.USBD_FS_ConfigStrDescriptor.str1.1
                0x0000000008004ad9        0xb USB_DEVICE/App/usbd_desc.o
 .rodata.USBD_FS_InterfaceStrDescriptor.str1.1
                0x0000000008004ae4        0xe USB_DEVICE/App/usbd_desc.o
 .rodata.USBD_FS_ManufacturerStrDescriptor.str1.1
                0x0000000008004af2       0x13 USB_DEVICE/App/usbd_desc.o
 .rodata.USBD_FS_ProductStrDescriptor.str1.1
                0x0000000008004b05       0x16 USB_DEVICE/App/usbd_desc.o
 .rodata.CSWTCH.3
                0x0000000008004b1b        0x4 USB_DEVICE/Target/usbd_conf.o
 .rodata._svfprintf_r.str1.1
                0x0000000008004b1f       0x11 c:/st/stm32cubeide_1.3.0/stm32cubeide/plugins/com.st.stm32cube.ide.mcu.externaltools.gnu-tools-for-stm32.7-2018-q2-update.win32_1.0.0.201904181610/tools/bin/../lib/gcc/arm-none-eabi/7.3.1/../../../../arm-none-eabi/lib/thumb/v6-m\libc_nano.a(lib_a-nano-svfprintf.o)
 .rodata._printf_i.str1.1
                0x0000000008004b30       0x22 c:/st/stm32cubeide_1.3.0/stm32cubeide/plugins/com.st.stm32cube.ide.mcu.externaltools.gnu-tools-for-stm32.7-2018-q2-update.win32_1.0.0.201904181610/tools/bin/../lib/gcc/arm-none-eabi/7.3.1/../../../../arm-none-eabi/lib/thumb/v6-m\libc_nano.a(lib_a-nano-vfprintf_i.o)
                0x0000000008004b54                . = ALIGN (0x4)
 *fill*         0x0000000008004b52        0x2 

.rel.dyn        0x0000000008004b54        0x0
 .rel.iplt      0x0000000008004b54        0x0 c:/st/stm32cubeide_1.3.0/stm32cubeide/plugins/com.st.stm32cube.ide.mcu.externaltools.gnu-tools-for-stm32.7-2018-q2-update.win32_1.0.0.201904181610/tools/bin/../lib/gcc/arm-none-eabi/7.3.1/thumb/v6-m/crtbegin.o

.ARM.extab      0x0000000008004b54        0x0
                0x0000000008004b54                . = ALIGN (0x4)
 *(.ARM.extab* .gnu.linkonce.armextab.*)
                0x0000000008004b54                . = ALIGN (0x4)

.ARM            0x0000000008004b54        0x0
                0x0000000008004b54                . = ALIGN (0x4)
                0x0000000008004b54                __exidx_start = .
 *(.ARM.exidx*)
                0x0000000008004b54                __exidx_end = .
                0x0000000008004b54                . = ALIGN (0x4)

.preinit_array  0x0000000008004b54        0x0
                0x0000000008004b54                . = ALIGN (0x4)
                0x0000000008004b54                PROVIDE (__preinit_array_start = .)
 *(.preinit_array*)
                0x0000000008004b54                PROVIDE (__preinit_array_end = .)
                0x0000000008004b54                . = ALIGN (0x4)

.init_array     0x0000000008004b54        0x4
                0x0000000008004b54                . = ALIGN (0x4)
                0x0000000008004b54                PROVIDE (__init_array_start = .)
 *(SORT_BY_NAME(.init_array.*))
 *(.init_array*)
 .init_array    0x0000000008004b54        0x4 c:/st/stm32cubeide_1.3.0/stm32cubeide/plugins/com.st.stm32cube.ide.mcu.externaltools.gnu-tools-for-stm32.7-2018-q2-update.win32_1.0.0.201904181610/tools/bin/../lib/gcc/arm-none-eabi/7.3.1/thumb/v6-m/crtbegin.o
                0x0000000008004b58                PROVIDE (__init_array_end = .)
                0x0000000008004b58                . = ALIGN (0x4)

.fini_array     0x0000000008004b58        0x4
                0x0000000008004b58                . = ALIGN (0x4)
                [!provide]                        PROVIDE (__fini_array_start = .)
 *(SORT_BY_NAME(.fini_array.*))
 *(.fini_array*)
 .fini_array    0x0000000008004b58        0x4 c:/st/stm32cubeide_1.3.0/stm32cubeide/plugins/com.st.stm32cube.ide.mcu.externaltools.gnu-tools-for-stm32.7-2018-q2-update.win32_1.0.0.201904181610/tools/bin/../lib/gcc/arm-none-eabi/7.3.1/thumb/v6-m/crtbegin.o
                [!provide]                        PROVIDE (__fini_array_end = .)
                0x0000000008004b5c                . = ALIGN (0x4)
                0x0000000008004b5c                _sidata = LOADADDR (.data)

.data           0x0000000020000000      0x1e0 load address 0x0000000008004b5c
                0x0000000020000000                . = ALIGN (0x4)
                0x0000000020000000                _sdata = .
 *(.data)
 *(.data*)
 .data.SystemCoreClock
                0x0000000020000000        0x4 Core/Src/system_stm32f0xx.o
                0x0000000020000000                SystemCoreClock
 .data.uwTickFreq
                0x0000000020000004        0x1 Drivers/STM32F0xx_HAL_Driver/Src/stm32f0xx_hal.o
                0x0000000020000004                uwTickFreq
 *fill*         0x0000000020000005        0x3 
 .data.uwTickPrio
                0x0000000020000008        0x4 Drivers/STM32F0xx_HAL_Driver/Src/stm32f0xx_hal.o
                0x0000000020000008                uwTickPrio
 .data.USBD_CDC
                0x000000002000000c       0x38 Middlewares/ST/STM32_USB_Device_Library/Class/CDC/Src/usbd_cdc.o
                0x000000002000000c                USBD_CDC
 .data.USBD_CDC_CfgFSDesc
                0x0000000020000044       0x43 Middlewares/ST/STM32_USB_Device_Library/Class/CDC/Src/usbd_cdc.o
                0x0000000020000044                USBD_CDC_CfgFSDesc
 *fill*         0x0000000020000087        0x1 
 .data.USBD_CDC_CfgHSDesc
                0x0000000020000088       0x43 Middlewares/ST/STM32_USB_Device_Library/Class/CDC/Src/usbd_cdc.o
                0x0000000020000088                USBD_CDC_CfgHSDesc
 *fill*         0x00000000200000cb        0x1 
 .data.USBD_CDC_DeviceQualifierDesc
                0x00000000200000cc        0xa Middlewares/ST/STM32_USB_Device_Library/Class/CDC/Src/usbd_cdc.o
 *fill*         0x00000000200000d6        0x2 
 .data.USBD_CDC_OtherSpeedCfgDesc
                0x00000000200000d8       0x43 Middlewares/ST/STM32_USB_Device_Library/Class/CDC/Src/usbd_cdc.o
                0x00000000200000d8                USBD_CDC_OtherSpeedCfgDesc
 *fill*         0x000000002000011b        0x1 
 .data.USBD_Interface_fops_FS
                0x000000002000011c       0x10 USB_DEVICE/App/usbd_cdc_if.o
                0x000000002000011c                USBD_Interface_fops_FS
 .data.FS_Desc  0x000000002000012c       0x1c USB_DEVICE/App/usbd_desc.o
                0x000000002000012c                FS_Desc
 .data.USBD_FS_DeviceDesc
                0x0000000020000148       0x12 USB_DEVICE/App/usbd_desc.o
                0x0000000020000148                USBD_FS_DeviceDesc
 *fill*         0x000000002000015a        0x2 
 .data.USBD_LangIDDesc
                0x000000002000015c        0x4 USB_DEVICE/App/usbd_desc.o
                0x000000002000015c                USBD_LangIDDesc
 .data.USBD_StringSerial
                0x0000000020000160       0x1a USB_DEVICE/App/usbd_desc.o
                0x0000000020000160                USBD_StringSerial
 *fill*         0x000000002000017a        0x2 
 .data._impure_ptr
                0x000000002000017c        0x4 c:/st/stm32cubeide_1.3.0/stm32cubeide/plugins/com.st.stm32cube.ide.mcu.externaltools.gnu-tools-for-stm32.7-2018-q2-update.win32_1.0.0.201904181610/tools/bin/../lib/gcc/arm-none-eabi/7.3.1/../../../../arm-none-eabi/lib/thumb/v6-m\libc_nano.a(lib_a-impure.o)
                0x000000002000017c                _impure_ptr
 .data.impure_data
                0x0000000020000180       0x60 c:/st/stm32cubeide_1.3.0/stm32cubeide/plugins/com.st.stm32cube.ide.mcu.externaltools.gnu-tools-for-stm32.7-2018-q2-update.win32_1.0.0.201904181610/tools/bin/../lib/gcc/arm-none-eabi/7.3.1/../../../../arm-none-eabi/lib/thumb/v6-m\libc_nano.a(lib_a-impure.o)
                0x00000000200001e0                . = ALIGN (0x4)
                0x00000000200001e0                _edata = .

.igot.plt       0x00000000200001e0        0x0 load address 0x0000000008004d3c
 .igot.plt      0x00000000200001e0        0x0 c:/st/stm32cubeide_1.3.0/stm32cubeide/plugins/com.st.stm32cube.ide.mcu.externaltools.gnu-tools-for-stm32.7-2018-q2-update.win32_1.0.0.201904181610/tools/bin/../lib/gcc/arm-none-eabi/7.3.1/thumb/v6-m/crtbegin.o
                0x00000000200001e0                . = ALIGN (0x4)

.bss            0x00000000200001e0     0x12d8 load address 0x0000000008004d3c
                0x00000000200001e0                _sbss = .
                0x00000000200001e0                __bss_start__ = _sbss
 *(.bss)
 .bss           0x00000000200001e0       0x1c c:/st/stm32cubeide_1.3.0/stm32cubeide/plugins/com.st.stm32cube.ide.mcu.externaltools.gnu-tools-for-stm32.7-2018-q2-update.win32_1.0.0.201904181610/tools/bin/../lib/gcc/arm-none-eabi/7.3.1/thumb/v6-m/crtbegin.o
 *(.bss*)
 .bss.heap_end.5149
                0x00000000200001fc        0x4 Core/Src/sysmem.o
 .bss.cfgidx.8428
                0x0000000020000200        0x1 Middlewares/ST/STM32_USB_Device_Library/Core/Src/usbd_ctlreq.o
 *fill*         0x0000000020000201        0x3 
 .bss.mem.8497  0x0000000020000204      0x220 USB_DEVICE/Target/usbd_conf.o
 .bss.__malloc_free_list
                0x0000000020000424        0x4 c:/st/stm32cubeide_1.3.0/stm32cubeide/plugins/com.st.stm32cube.ide.mcu.externaltools.gnu-tools-for-stm32.7-2018-q2-update.win32_1.0.0.201904181610/tools/bin/../lib/gcc/arm-none-eabi/7.3.1/../../../../arm-none-eabi/lib/thumb/v6-m\libc_nano.a(lib_a-nano-mallocr.o)
                0x0000000020000424                __malloc_free_list
 .bss.__malloc_sbrk_start
                0x0000000020000428        0x4 c:/st/stm32cubeide_1.3.0/stm32cubeide/plugins/com.st.stm32cube.ide.mcu.externaltools.gnu-tools-for-stm32.7-2018-q2-update.win32_1.0.0.201904181610/tools/bin/../lib/gcc/arm-none-eabi/7.3.1/../../../../arm-none-eabi/lib/thumb/v6-m\libc_nano.a(lib_a-nano-mallocr.o)
                0x0000000020000428                __malloc_sbrk_start
 *(COMMON)
 COMMON         0x000000002000042c      0x160 Core/Src/main.o
                0x000000002000042c                gSBUSByte
                0x0000000020000430                htim3
                0x0000000020000470                gSBUSChannels
                0x0000000020000488                Err
                0x000000002000048c                huart1
                0x000000002000050c                htim2
                0x000000002000054c                htim14
 COMMON         0x000000002000058c       0x1a Core/Src/sbus.o
                0x000000002000058c                gByteBufferIndex
                0x000000002000058d                gByteBuffer
 *fill*         0x00000000200005a6        0x2 
 COMMON         0x00000000200005a8        0x4 Drivers/STM32F0xx_HAL_Driver/Src/stm32f0xx_hal.o
                0x00000000200005a8                uwTick
 COMMON         0x00000000200005ac      0x2c4 USB_DEVICE/App/usb_device.o
                0x00000000200005ac                hUsbDeviceFS
 COMMON         0x0000000020000870      0x7d0 USB_DEVICE/App/usbd_cdc_if.o
                0x0000000020000870                UserRxBufferFS
                0x0000000020000c58                UserTxBufferFS
 COMMON         0x0000000020001040      0x200 USB_DEVICE/App/usbd_desc.o
                0x0000000020001040                USBD_StrDesc
 COMMON         0x0000000020001240      0x274 USB_DEVICE/Target/usbd_conf.o
                0x0000000020001240                hpcd_USB_FS
 COMMON         0x00000000200014b4        0x4 c:/st/stm32cubeide_1.3.0/stm32cubeide/plugins/com.st.stm32cube.ide.mcu.externaltools.gnu-tools-for-stm32.7-2018-q2-update.win32_1.0.0.201904181610/tools/bin/../lib/gcc/arm-none-eabi/7.3.1/../../../../arm-none-eabi/lib/thumb/v6-m\libc_nano.a(lib_a-reent.o)
                0x00000000200014b4                errno
                0x00000000200014b8                . = ALIGN (0x4)
                0x00000000200014b8                _ebss = .
                0x00000000200014b8                __bss_end__ = _ebss

._user_heap_stack
                0x00000000200014b8      0x200 load address 0x0000000008004d3c
                0x00000000200014b8                . = ALIGN (0x8)
                0x00000000200014b8                PROVIDE (end = .)
                [!provide]                        PROVIDE (_end = .)
                0x00000000200015b8                . = (. + _Min_Heap_Size)
 *fill*         0x00000000200014b8      0x100 
                0x00000000200016b8                . = (. + _Min_Stack_Size)
 *fill*         0x00000000200015b8      0x100 
                0x00000000200016b8                . = ALIGN (0x8)

/DISCARD/
 libc.a(*)
 libm.a(*)
 libgcc.a(*)

.ARM.attributes
                0x0000000000000000       0x28
 *(.ARM.attributes)
 .ARM.attributes
                0x0000000000000000       0x1e c:/st/stm32cubeide_1.3.0/stm32cubeide/plugins/com.st.stm32cube.ide.mcu.externaltools.gnu-tools-for-stm32.7-2018-q2-update.win32_1.0.0.201904181610/tools/bin/../lib/gcc/arm-none-eabi/7.3.1/thumb/v6-m/crti.o
 .ARM.attributes
                0x000000000000001e       0x2c c:/st/stm32cubeide_1.3.0/stm32cubeide/plugins/com.st.stm32cube.ide.mcu.externaltools.gnu-tools-for-stm32.7-2018-q2-update.win32_1.0.0.201904181610/tools/bin/../lib/gcc/arm-none-eabi/7.3.1/thumb/v6-m/crtbegin.o
 .ARM.attributes
                0x000000000000004a       0x31 Core/Src/main.o
 .ARM.attributes
                0x000000000000007b       0x31 Core/Src/sbus.o
 .ARM.attributes
                0x00000000000000ac       0x31 Core/Src/stm32f0xx_hal_msp.o
 .ARM.attributes
                0x00000000000000dd       0x31 Core/Src/stm32f0xx_it.o
 .ARM.attributes
                0x000000000000010e       0x31 Core/Src/sysmem.o
 .ARM.attributes
                0x000000000000013f       0x31 Core/Src/system_stm32f0xx.o
 .ARM.attributes
                0x0000000000000170       0x21 Core/Startup/startup_stm32f042g6ux.o
 .ARM.attributes
                0x0000000000000191       0x31 Drivers/STM32F0xx_HAL_Driver/Src/stm32f0xx_hal.o
 .ARM.attributes
                0x00000000000001c2       0x31 Drivers/STM32F0xx_HAL_Driver/Src/stm32f0xx_hal_cortex.o
 .ARM.attributes
                0x00000000000001f3       0x31 Drivers/STM32F0xx_HAL_Driver/Src/stm32f0xx_hal_dma.o
 .ARM.attributes
                0x0000000000000224       0x31 Drivers/STM32F0xx_HAL_Driver/Src/stm32f0xx_hal_gpio.o
 .ARM.attributes
                0x0000000000000255       0x31 Drivers/STM32F0xx_HAL_Driver/Src/stm32f0xx_hal_pcd.o
 .ARM.attributes
                0x0000000000000286       0x31 Drivers/STM32F0xx_HAL_Driver/Src/stm32f0xx_hal_pcd_ex.o
 .ARM.attributes
                0x00000000000002b7       0x31 Drivers/STM32F0xx_HAL_Driver/Src/stm32f0xx_hal_rcc.o
 .ARM.attributes
                0x00000000000002e8       0x31 Drivers/STM32F0xx_HAL_Driver/Src/stm32f0xx_hal_rcc_ex.o
 .ARM.attributes
                0x0000000000000319       0x31 Drivers/STM32F0xx_HAL_Driver/Src/stm32f0xx_hal_tim.o
 .ARM.attributes
                0x000000000000034a       0x31 Drivers/STM32F0xx_HAL_Driver/Src/stm32f0xx_hal_tim_ex.o
 .ARM.attributes
                0x000000000000037b       0x31 Drivers/STM32F0xx_HAL_Driver/Src/stm32f0xx_hal_uart.o
 .ARM.attributes
                0x00000000000003ac       0x31 Drivers/STM32F0xx_HAL_Driver/Src/stm32f0xx_hal_uart_ex.o
 .ARM.attributes
                0x00000000000003dd       0x31 Drivers/STM32F0xx_HAL_Driver/Src/stm32f0xx_ll_usb.o
 .ARM.attributes
                0x000000000000040e       0x31 Middlewares/ST/STM32_USB_Device_Library/Class/CDC/Src/usbd_cdc.o
 .ARM.attributes
                0x000000000000043f       0x31 Middlewares/ST/STM32_USB_Device_Library/Core/Src/usbd_core.o
 .ARM.attributes
                0x0000000000000470       0x31 Middlewares/ST/STM32_USB_Device_Library/Core/Src/usbd_ctlreq.o
 .ARM.attributes
                0x00000000000004a1       0x31 Middlewares/ST/STM32_USB_Device_Library/Core/Src/usbd_ioreq.o
 .ARM.attributes
                0x00000000000004d2       0x31 USB_DEVICE/App/usb_device.o
 .ARM.attributes
                0x0000000000000503       0x31 USB_DEVICE/App/usbd_cdc_if.o
 .ARM.attributes
                0x0000000000000534       0x31 USB_DEVICE/App/usbd_desc.o
 .ARM.attributes
                0x0000000000000565       0x31 USB_DEVICE/Target/usbd_conf.o
 .ARM.attributes
                0x0000000000000596       0x2c c:/st/stm32cubeide_1.3.0/stm32cubeide/plugins/com.st.stm32cube.ide.mcu.externaltools.gnu-tools-for-stm32.7-2018-q2-update.win32_1.0.0.201904181610/tools/bin/../lib/gcc/arm-none-eabi/7.3.1/../../../../arm-none-eabi/lib/thumb/v6-m\libc_nano.a(lib_a-errno.o)
 .ARM.attributes
                0x00000000000005c2       0x2c c:/st/stm32cubeide_1.3.0/stm32cubeide/plugins/com.st.stm32cube.ide.mcu.externaltools.gnu-tools-for-stm32.7-2018-q2-update.win32_1.0.0.201904181610/tools/bin/../lib/gcc/arm-none-eabi/7.3.1/../../../../arm-none-eabi/lib/thumb/v6-m\libc_nano.a(lib_a-impure.o)
 .ARM.attributes
                0x00000000000005ee       0x2c c:/st/stm32cubeide_1.3.0/stm32cubeide/plugins/com.st.stm32cube.ide.mcu.externaltools.gnu-tools-for-stm32.7-2018-q2-update.win32_1.0.0.201904181610/tools/bin/../lib/gcc/arm-none-eabi/7.3.1/../../../../arm-none-eabi/lib/thumb/v6-m\libc_nano.a(lib_a-init.o)
 .ARM.attributes
                0x000000000000061a       0x2c c:/st/stm32cubeide_1.3.0/stm32cubeide/plugins/com.st.stm32cube.ide.mcu.externaltools.gnu-tools-for-stm32.7-2018-q2-update.win32_1.0.0.201904181610/tools/bin/../lib/gcc/arm-none-eabi/7.3.1/../../../../arm-none-eabi/lib/thumb/v6-m\libc_nano.a(lib_a-memcpy-stub.o)
 .ARM.attributes
                0x0000000000000646       0x2c c:/st/stm32cubeide_1.3.0/stm32cubeide/plugins/com.st.stm32cube.ide.mcu.externaltools.gnu-tools-for-stm32.7-2018-q2-update.win32_1.0.0.201904181610/tools/bin/../lib/gcc/arm-none-eabi/7.3.1/../../../../arm-none-eabi/lib/thumb/v6-m\libc_nano.a(lib_a-memset.o)
 .ARM.attributes
                0x0000000000000672       0x2c c:/st/stm32cubeide_1.3.0/stm32cubeide/plugins/com.st.stm32cube.ide.mcu.externaltools.gnu-tools-for-stm32.7-2018-q2-update.win32_1.0.0.201904181610/tools/bin/../lib/gcc/arm-none-eabi/7.3.1/../../../../arm-none-eabi/lib/thumb/v6-m\libc_nano.a(lib_a-sprintf.o)
 .ARM.attributes
                0x000000000000069e       0x1c c:/st/stm32cubeide_1.3.0/stm32cubeide/plugins/com.st.stm32cube.ide.mcu.externaltools.gnu-tools-for-stm32.7-2018-q2-update.win32_1.0.0.201904181610/tools/bin/../lib/gcc/arm-none-eabi/7.3.1/../../../../arm-none-eabi/lib/thumb/v6-m\libc_nano.a(lib_a-strlen.o)
 .ARM.attributes
                0x00000000000006ba       0x2c c:/st/stm32cubeide_1.3.0/stm32cubeide/plugins/com.st.stm32cube.ide.mcu.externaltools.gnu-tools-for-stm32.7-2018-q2-update.win32_1.0.0.201904181610/tools/bin/../lib/gcc/arm-none-eabi/7.3.1/../../../../arm-none-eabi/lib/thumb/v6-m\libc_nano.a(lib_a-nano-svfprintf.o)
 .ARM.attributes
                0x00000000000006e6       0x2c c:/st/stm32cubeide_1.3.0/stm32cubeide/plugins/com.st.stm32cube.ide.mcu.externaltools.gnu-tools-for-stm32.7-2018-q2-update.win32_1.0.0.201904181610/tools/bin/../lib/gcc/arm-none-eabi/7.3.1/../../../../arm-none-eabi/lib/thumb/v6-m\libc_nano.a(lib_a-nano-vfprintf_i.o)
 .ARM.attributes
                0x0000000000000712       0x2c c:/st/stm32cubeide_1.3.0/stm32cubeide/plugins/com.st.stm32cube.ide.mcu.externaltools.gnu-tools-for-stm32.7-2018-q2-update.win32_1.0.0.201904181610/tools/bin/../lib/gcc/arm-none-eabi/7.3.1/../../../../arm-none-eabi/lib/thumb/v6-m\libc_nano.a(lib_a-memchr-stub.o)
 .ARM.attributes
                0x000000000000073e       0x2c c:/st/stm32cubeide_1.3.0/stm32cubeide/plugins/com.st.stm32cube.ide.mcu.externaltools.gnu-tools-for-stm32.7-2018-q2-update.win32_1.0.0.201904181610/tools/bin/../lib/gcc/arm-none-eabi/7.3.1/../../../../arm-none-eabi/lib/thumb/v6-m\libc_nano.a(lib_a-memmove.o)
 .ARM.attributes
                0x000000000000076a       0x2c c:/st/stm32cubeide_1.3.0/stm32cubeide/plugins/com.st.stm32cube.ide.mcu.externaltools.gnu-tools-for-stm32.7-2018-q2-update.win32_1.0.0.201904181610/tools/bin/../lib/gcc/arm-none-eabi/7.3.1/../../../../arm-none-eabi/lib/thumb/v6-m\libc_nano.a(lib_a-nano-freer.o)
 .ARM.attributes
                0x0000000000000796       0x2c c:/st/stm32cubeide_1.3.0/stm32cubeide/plugins/com.st.stm32cube.ide.mcu.externaltools.gnu-tools-for-stm32.7-2018-q2-update.win32_1.0.0.201904181610/tools/bin/../lib/gcc/arm-none-eabi/7.3.1/../../../../arm-none-eabi/lib/thumb/v6-m\libc_nano.a(lib_a-nano-mallocr.o)
 .ARM.attributes
                0x00000000000007c2       0x2c c:/st/stm32cubeide_1.3.0/stm32cubeide/plugins/com.st.stm32cube.ide.mcu.externaltools.gnu-tools-for-stm32.7-2018-q2-update.win32_1.0.0.201904181610/tools/bin/../lib/gcc/arm-none-eabi/7.3.1/../../../../arm-none-eabi/lib/thumb/v6-m\libc_nano.a(lib_a-nano-reallocr.o)
 .ARM.attributes
                0x00000000000007ee       0x2c c:/st/stm32cubeide_1.3.0/stm32cubeide/plugins/com.st.stm32cube.ide.mcu.externaltools.gnu-tools-for-stm32.7-2018-q2-update.win32_1.0.0.201904181610/tools/bin/../lib/gcc/arm-none-eabi/7.3.1/../../../../arm-none-eabi/lib/thumb/v6-m\libc_nano.a(lib_a-sbrkr.o)
 .ARM.attributes
                0x000000000000081a       0x2c c:/st/stm32cubeide_1.3.0/stm32cubeide/plugins/com.st.stm32cube.ide.mcu.externaltools.gnu-tools-for-stm32.7-2018-q2-update.win32_1.0.0.201904181610/tools/bin/../lib/gcc/arm-none-eabi/7.3.1/../../../../arm-none-eabi/lib/thumb/v6-m\libc_nano.a(lib_a-mlock.o)
 .ARM.attributes
                0x0000000000000846       0x2c c:/st/stm32cubeide_1.3.0/stm32cubeide/plugins/com.st.stm32cube.ide.mcu.externaltools.gnu-tools-for-stm32.7-2018-q2-update.win32_1.0.0.201904181610/tools/bin/../lib/gcc/arm-none-eabi/7.3.1/../../../../arm-none-eabi/lib/thumb/v6-m\libc_nano.a(lib_a-nano-msizer.o)
 .ARM.attributes
                0x0000000000000872       0x2c c:/st/stm32cubeide_1.3.0/stm32cubeide/plugins/com.st.stm32cube.ide.mcu.externaltools.gnu-tools-for-stm32.7-2018-q2-update.win32_1.0.0.201904181610/tools/bin/../lib/gcc/arm-none-eabi/7.3.1/../../../../arm-none-eabi/lib/thumb/v6-m\libc_nano.a(lib_a-reent.o)
 .ARM.attributes
                0x000000000000089e       0x1e c:/st/stm32cubeide_1.3.0/stm32cubeide/plugins/com.st.stm32cube.ide.mcu.externaltools.gnu-tools-for-stm32.7-2018-q2-update.win32_1.0.0.201904181610/tools/bin/../lib/gcc/arm-none-eabi/7.3.1/thumb/v6-m\libgcc.a(_thumb1_case_sqi.o)
 .ARM.attributes
                0x00000000000008bc       0x1e c:/st/stm32cubeide_1.3.0/stm32cubeide/plugins/com.st.stm32cube.ide.mcu.externaltools.gnu-tools-for-stm32.7-2018-q2-update.win32_1.0.0.201904181610/tools/bin/../lib/gcc/arm-none-eabi/7.3.1/thumb/v6-m\libgcc.a(_thumb1_case_uqi.o)
 .ARM.attributes
                0x00000000000008da       0x1e c:/st/stm32cubeide_1.3.0/stm32cubeide/plugins/com.st.stm32cube.ide.mcu.externaltools.gnu-tools-for-stm32.7-2018-q2-update.win32_1.0.0.201904181610/tools/bin/../lib/gcc/arm-none-eabi/7.3.1/thumb/v6-m\libgcc.a(_thumb1_case_uhi.o)
 .ARM.attributes
                0x00000000000008f8       0x1e c:/st/stm32cubeide_1.3.0/stm32cubeide/plugins/com.st.stm32cube.ide.mcu.externaltools.gnu-tools-for-stm32.7-2018-q2-update.win32_1.0.0.201904181610/tools/bin/../lib/gcc/arm-none-eabi/7.3.1/thumb/v6-m\libgcc.a(_udivsi3.o)
 .ARM.attributes
                0x0000000000000916       0x1e c:/st/stm32cubeide_1.3.0/stm32cubeide/plugins/com.st.stm32cube.ide.mcu.externaltools.gnu-tools-for-stm32.7-2018-q2-update.win32_1.0.0.201904181610/tools/bin/../lib/gcc/arm-none-eabi/7.3.1/thumb/v6-m\libgcc.a(_divsi3.o)
 .ARM.attributes
                0x0000000000000934       0x1e c:/st/stm32cubeide_1.3.0/stm32cubeide/plugins/com.st.stm32cube.ide.mcu.externaltools.gnu-tools-for-stm32.7-2018-q2-update.win32_1.0.0.201904181610/tools/bin/../lib/gcc/arm-none-eabi/7.3.1/thumb/v6-m\libgcc.a(_dvmd_tls.o)
 .ARM.attributes
                0x0000000000000952       0x1e c:/st/stm32cubeide_1.3.0/stm32cubeide/plugins/com.st.stm32cube.ide.mcu.externaltools.gnu-tools-for-stm32.7-2018-q2-update.win32_1.0.0.201904181610/tools/bin/../lib/gcc/arm-none-eabi/7.3.1/thumb/v6-m/crtn.o
OUTPUT(Hovercraft.elf elf32-littlearm)

.comment        0x0000000000000000       0x7b
 .comment       0x0000000000000000       0x7b Core/Src/main.o
                                         0x7c (size before relaxing)
 .comment       0x000000000000007b       0x7c Core/Src/sbus.o
 .comment       0x000000000000007b       0x7c Core/Src/stm32f0xx_hal_msp.o
 .comment       0x000000000000007b       0x7c Core/Src/stm32f0xx_it.o
 .comment       0x000000000000007b       0x7c Core/Src/sysmem.o
 .comment       0x000000000000007b       0x7c Core/Src/system_stm32f0xx.o
 .comment       0x000000000000007b       0x7c Drivers/STM32F0xx_HAL_Driver/Src/stm32f0xx_hal.o
 .comment       0x000000000000007b       0x7c Drivers/STM32F0xx_HAL_Driver/Src/stm32f0xx_hal_cortex.o
 .comment       0x000000000000007b       0x7c Drivers/STM32F0xx_HAL_Driver/Src/stm32f0xx_hal_dma.o
 .comment       0x000000000000007b       0x7c Drivers/STM32F0xx_HAL_Driver/Src/stm32f0xx_hal_gpio.o
 .comment       0x000000000000007b       0x7c Drivers/STM32F0xx_HAL_Driver/Src/stm32f0xx_hal_pcd.o
 .comment       0x000000000000007b       0x7c Drivers/STM32F0xx_HAL_Driver/Src/stm32f0xx_hal_pcd_ex.o
 .comment       0x000000000000007b       0x7c Drivers/STM32F0xx_HAL_Driver/Src/stm32f0xx_hal_rcc.o
 .comment       0x000000000000007b       0x7c Drivers/STM32F0xx_HAL_Driver/Src/stm32f0xx_hal_rcc_ex.o
 .comment       0x000000000000007b       0x7c Drivers/STM32F0xx_HAL_Driver/Src/stm32f0xx_hal_tim.o
 .comment       0x000000000000007b       0x7c Drivers/STM32F0xx_HAL_Driver/Src/stm32f0xx_hal_tim_ex.o
 .comment       0x000000000000007b       0x7c Drivers/STM32F0xx_HAL_Driver/Src/stm32f0xx_hal_uart.o
 .comment       0x000000000000007b       0x7c Drivers/STM32F0xx_HAL_Driver/Src/stm32f0xx_hal_uart_ex.o
 .comment       0x000000000000007b       0x7c Drivers/STM32F0xx_HAL_Driver/Src/stm32f0xx_ll_usb.o
 .comment       0x000000000000007b       0x7c Middlewares/ST/STM32_USB_Device_Library/Class/CDC/Src/usbd_cdc.o
 .comment       0x000000000000007b       0x7c Middlewares/ST/STM32_USB_Device_Library/Core/Src/usbd_core.o
 .comment       0x000000000000007b       0x7c Middlewares/ST/STM32_USB_Device_Library/Core/Src/usbd_ctlreq.o
 .comment       0x000000000000007b       0x7c Middlewares/ST/STM32_USB_Device_Library/Core/Src/usbd_ioreq.o
 .comment       0x000000000000007b       0x7c USB_DEVICE/App/usb_device.o
 .comment       0x000000000000007b       0x7c USB_DEVICE/App/usbd_cdc_if.o
 .comment       0x000000000000007b       0x7c USB_DEVICE/App/usbd_desc.o
 .comment       0x000000000000007b       0x7c USB_DEVICE/Target/usbd_conf.o

.debug_frame    0x0000000000000000      0x378
 .debug_frame   0x0000000000000000       0x20 c:/st/stm32cubeide_1.3.0/stm32cubeide/plugins/com.st.stm32cube.ide.mcu.externaltools.gnu-tools-for-stm32.7-2018-q2-update.win32_1.0.0.201904181610/tools/bin/../lib/gcc/arm-none-eabi/7.3.1/../../../../arm-none-eabi/lib/thumb/v6-m\libc_nano.a(lib_a-errno.o)
 .debug_frame   0x0000000000000020       0x2c c:/st/stm32cubeide_1.3.0/stm32cubeide/plugins/com.st.stm32cube.ide.mcu.externaltools.gnu-tools-for-stm32.7-2018-q2-update.win32_1.0.0.201904181610/tools/bin/../lib/gcc/arm-none-eabi/7.3.1/../../../../arm-none-eabi/lib/thumb/v6-m\libc_nano.a(lib_a-init.o)
 .debug_frame   0x000000000000004c       0x28 c:/st/stm32cubeide_1.3.0/stm32cubeide/plugins/com.st.stm32cube.ide.mcu.externaltools.gnu-tools-for-stm32.7-2018-q2-update.win32_1.0.0.201904181610/tools/bin/../lib/gcc/arm-none-eabi/7.3.1/../../../../arm-none-eabi/lib/thumb/v6-m\libc_nano.a(lib_a-memcpy-stub.o)
 .debug_frame   0x0000000000000074       0x20 c:/st/stm32cubeide_1.3.0/stm32cubeide/plugins/com.st.stm32cube.ide.mcu.externaltools.gnu-tools-for-stm32.7-2018-q2-update.win32_1.0.0.201904181610/tools/bin/../lib/gcc/arm-none-eabi/7.3.1/../../../../arm-none-eabi/lib/thumb/v6-m\libc_nano.a(lib_a-memset.o)
 .debug_frame   0x0000000000000094       0x48 c:/st/stm32cubeide_1.3.0/stm32cubeide/plugins/com.st.stm32cube.ide.mcu.externaltools.gnu-tools-for-stm32.7-2018-q2-update.win32_1.0.0.201904181610/tools/bin/../lib/gcc/arm-none-eabi/7.3.1/../../../../arm-none-eabi/lib/thumb/v6-m\libc_nano.a(lib_a-sprintf.o)
 .debug_frame   0x00000000000000dc       0x74 c:/st/stm32cubeide_1.3.0/stm32cubeide/plugins/com.st.stm32cube.ide.mcu.externaltools.gnu-tools-for-stm32.7-2018-q2-update.win32_1.0.0.201904181610/tools/bin/../lib/gcc/arm-none-eabi/7.3.1/../../../../arm-none-eabi/lib/thumb/v6-m\libc_nano.a(lib_a-nano-svfprintf.o)
 .debug_frame   0x0000000000000150       0x54 c:/st/stm32cubeide_1.3.0/stm32cubeide/plugins/com.st.stm32cube.ide.mcu.externaltools.gnu-tools-for-stm32.7-2018-q2-update.win32_1.0.0.201904181610/tools/bin/../lib/gcc/arm-none-eabi/7.3.1/../../../../arm-none-eabi/lib/thumb/v6-m\libc_nano.a(lib_a-nano-vfprintf_i.o)
 .debug_frame   0x00000000000001a4       0x20 c:/st/stm32cubeide_1.3.0/stm32cubeide/plugins/com.st.stm32cube.ide.mcu.externaltools.gnu-tools-for-stm32.7-2018-q2-update.win32_1.0.0.201904181610/tools/bin/../lib/gcc/arm-none-eabi/7.3.1/../../../../arm-none-eabi/lib/thumb/v6-m\libc_nano.a(lib_a-memchr-stub.o)
 .debug_frame   0x00000000000001c4       0x28 c:/st/stm32cubeide_1.3.0/stm32cubeide/plugins/com.st.stm32cube.ide.mcu.externaltools.gnu-tools-for-stm32.7-2018-q2-update.win32_1.0.0.201904181610/tools/bin/../lib/gcc/arm-none-eabi/7.3.1/../../../../arm-none-eabi/lib/thumb/v6-m\libc_nano.a(lib_a-memmove.o)
 .debug_frame   0x00000000000001ec       0x2c c:/st/stm32cubeide_1.3.0/stm32cubeide/plugins/com.st.stm32cube.ide.mcu.externaltools.gnu-tools-for-stm32.7-2018-q2-update.win32_1.0.0.201904181610/tools/bin/../lib/gcc/arm-none-eabi/7.3.1/../../../../arm-none-eabi/lib/thumb/v6-m\libc_nano.a(lib_a-nano-freer.o)
 .debug_frame   0x0000000000000218       0x2c c:/st/stm32cubeide_1.3.0/stm32cubeide/plugins/com.st.stm32cube.ide.mcu.externaltools.gnu-tools-for-stm32.7-2018-q2-update.win32_1.0.0.201904181610/tools/bin/../lib/gcc/arm-none-eabi/7.3.1/../../../../arm-none-eabi/lib/thumb/v6-m\libc_nano.a(lib_a-nano-mallocr.o)
 .debug_frame   0x0000000000000244       0x30 c:/st/stm32cubeide_1.3.0/stm32cubeide/plugins/com.st.stm32cube.ide.mcu.externaltools.gnu-tools-for-stm32.7-2018-q2-update.win32_1.0.0.201904181610/tools/bin/../lib/gcc/arm-none-eabi/7.3.1/../../../../arm-none-eabi/lib/thumb/v6-m\libc_nano.a(lib_a-nano-reallocr.o)
 .debug_frame   0x0000000000000274       0x2c c:/st/stm32cubeide_1.3.0/stm32cubeide/plugins/com.st.stm32cube.ide.mcu.externaltools.gnu-tools-for-stm32.7-2018-q2-update.win32_1.0.0.201904181610/tools/bin/../lib/gcc/arm-none-eabi/7.3.1/../../../../arm-none-eabi/lib/thumb/v6-m\libc_nano.a(lib_a-sbrkr.o)
 .debug_frame   0x00000000000002a0       0x30 c:/st/stm32cubeide_1.3.0/stm32cubeide/plugins/com.st.stm32cube.ide.mcu.externaltools.gnu-tools-for-stm32.7-2018-q2-update.win32_1.0.0.201904181610/tools/bin/../lib/gcc/arm-none-eabi/7.3.1/../../../../arm-none-eabi/lib/thumb/v6-m\libc_nano.a(lib_a-mlock.o)
 .debug_frame   0x00000000000002d0       0x20 c:/st/stm32cubeide_1.3.0/stm32cubeide/plugins/com.st.stm32cube.ide.mcu.externaltools.gnu-tools-for-stm32.7-2018-q2-update.win32_1.0.0.201904181610/tools/bin/../lib/gcc/arm-none-eabi/7.3.1/../../../../arm-none-eabi/lib/thumb/v6-m\libc_nano.a(lib_a-nano-msizer.o)
 .debug_frame   0x00000000000002f0       0x48 c:/st/stm32cubeide_1.3.0/stm32cubeide/plugins/com.st.stm32cube.ide.mcu.externaltools.gnu-tools-for-stm32.7-2018-q2-update.win32_1.0.0.201904181610/tools/bin/../lib/gcc/arm-none-eabi/7.3.1/../../../../arm-none-eabi/lib/thumb/v6-m\libc_nano.a(lib_a-reent.o)
 .debug_frame   0x0000000000000338       0x20 c:/st/stm32cubeide_1.3.0/stm32cubeide/plugins/com.st.stm32cube.ide.mcu.externaltools.gnu-tools-for-stm32.7-2018-q2-update.win32_1.0.0.201904181610/tools/bin/../lib/gcc/arm-none-eabi/7.3.1/thumb/v6-m\libgcc.a(_udivsi3.o)
 .debug_frame   0x0000000000000358       0x20 c:/st/stm32cubeide_1.3.0/stm32cubeide/plugins/com.st.stm32cube.ide.mcu.externaltools.gnu-tools-for-stm32.7-2018-q2-update.win32_1.0.0.201904181610/tools/bin/../lib/gcc/arm-none-eabi/7.3.1/thumb/v6-m\libgcc.a(_divsi3.o)
